Archive member included to satisfy reference by file (symbol)

/usr/lib/gcc/arm-none-eabi/9.2.1/thumb/v6-m/nofp/libgcc.a(_dvmd_tls.o)
                              CMakeFiles/picosyn.dir/home/whowhat/pico/pico-sdk/src/rp2_common/pico_divider/divider.S.obj (__aeabi_idiv0)
/usr/lib/gcc/arm-none-eabi/9.2.1/../../../arm-none-eabi/lib/thumb/v6-m/nofp/libc.a(lib_a-atexit.o)
                              /usr/lib/gcc/arm-none-eabi/9.2.1/../../../arm-none-eabi/lib/thumb/v6-m/nofp/crt0.o (atexit)
/usr/lib/gcc/arm-none-eabi/9.2.1/../../../arm-none-eabi/lib/thumb/v6-m/nofp/libc.a(lib_a-calloc.o)
                              CMakeFiles/picosyn.dir/home/whowhat/pico/pico-sdk/src/rp2_common/pico_malloc/pico_malloc.c.obj (calloc)
/usr/lib/gcc/arm-none-eabi/9.2.1/../../../arm-none-eabi/lib/thumb/v6-m/nofp/libc.a(lib_a-callocr.o)
                              /usr/lib/gcc/arm-none-eabi/9.2.1/../../../arm-none-eabi/lib/thumb/v6-m/nofp/libc.a(lib_a-calloc.o) (_calloc_r)
/usr/lib/gcc/arm-none-eabi/9.2.1/../../../arm-none-eabi/lib/thumb/v6-m/nofp/libc.a(lib_a-fini.o)
                              /usr/lib/gcc/arm-none-eabi/9.2.1/../../../arm-none-eabi/lib/thumb/v6-m/nofp/crt0.o (__libc_fini_array)
/usr/lib/gcc/arm-none-eabi/9.2.1/../../../arm-none-eabi/lib/thumb/v6-m/nofp/libc.a(lib_a-impure.o)
                              /usr/lib/gcc/arm-none-eabi/9.2.1/../../../arm-none-eabi/lib/thumb/v6-m/nofp/libc.a(lib_a-calloc.o) (_impure_ptr)
/usr/lib/gcc/arm-none-eabi/9.2.1/../../../arm-none-eabi/lib/thumb/v6-m/nofp/libc.a(lib_a-init.o)
                              /usr/lib/gcc/arm-none-eabi/9.2.1/../../../arm-none-eabi/lib/thumb/v6-m/nofp/crt0.o (__libc_init_array)
/usr/lib/gcc/arm-none-eabi/9.2.1/../../../arm-none-eabi/lib/thumb/v6-m/nofp/libc.a(lib_a-malloc.o)
                              CMakeFiles/picosyn.dir/home/whowhat/pico/pico-sdk/src/rp2_common/pico_malloc/pico_malloc.c.obj (malloc)
/usr/lib/gcc/arm-none-eabi/9.2.1/../../../arm-none-eabi/lib/thumb/v6-m/nofp/libc.a(lib_a-mallocr.o)
                              /usr/lib/gcc/arm-none-eabi/9.2.1/../../../arm-none-eabi/lib/thumb/v6-m/nofp/libc.a(lib_a-callocr.o) (_malloc_r)
/usr/lib/gcc/arm-none-eabi/9.2.1/../../../arm-none-eabi/lib/thumb/v6-m/nofp/libc.a(lib_a-mlock.o)
                              /usr/lib/gcc/arm-none-eabi/9.2.1/../../../arm-none-eabi/lib/thumb/v6-m/nofp/libc.a(lib_a-mallocr.o) (__malloc_lock)
/usr/lib/gcc/arm-none-eabi/9.2.1/../../../arm-none-eabi/lib/thumb/v6-m/nofp/libc.a(lib_a-realloc.o)
                              CMakeFiles/picosyn.dir/home/whowhat/pico/pico-sdk/src/rp2_common/pico_malloc/pico_malloc.c.obj (realloc)
/usr/lib/gcc/arm-none-eabi/9.2.1/../../../arm-none-eabi/lib/thumb/v6-m/nofp/libc.a(lib_a-reallocr.o)
                              /usr/lib/gcc/arm-none-eabi/9.2.1/../../../arm-none-eabi/lib/thumb/v6-m/nofp/libc.a(lib_a-realloc.o) (_realloc_r)
/usr/lib/gcc/arm-none-eabi/9.2.1/../../../arm-none-eabi/lib/thumb/v6-m/nofp/libc.a(lib_a-sbrkr.o)
                              /usr/lib/gcc/arm-none-eabi/9.2.1/../../../arm-none-eabi/lib/thumb/v6-m/nofp/libc.a(lib_a-mallocr.o) (_sbrk_r)
/usr/lib/gcc/arm-none-eabi/9.2.1/../../../arm-none-eabi/lib/thumb/v6-m/nofp/libc.a(lib_a-strlen-stub.o)
                              CMakeFiles/picosyn.dir/home/whowhat/pico/pico-sdk/src/rp2_common/pico_stdio/stdio.c.obj (strlen)
/usr/lib/gcc/arm-none-eabi/9.2.1/../../../arm-none-eabi/lib/thumb/v6-m/nofp/libc.a(lib_a-__atexit.o)
                              /usr/lib/gcc/arm-none-eabi/9.2.1/../../../arm-none-eabi/lib/thumb/v6-m/nofp/libc.a(lib_a-atexit.o) (__register_exitproc)
/usr/lib/gcc/arm-none-eabi/9.2.1/../../../arm-none-eabi/lib/thumb/v6-m/nofp/libc.a(lib_a-freer.o)
                              /usr/lib/gcc/arm-none-eabi/9.2.1/../../../arm-none-eabi/lib/thumb/v6-m/nofp/libc.a(lib_a-malloc.o) (_free_r)
/usr/lib/gcc/arm-none-eabi/9.2.1/../../../arm-none-eabi/lib/thumb/v6-m/nofp/libc.a(lib_a-memmove.o)
                              /usr/lib/gcc/arm-none-eabi/9.2.1/../../../arm-none-eabi/lib/thumb/v6-m/nofp/libc.a(lib_a-reallocr.o) (memmove)
/usr/lib/gcc/arm-none-eabi/9.2.1/../../../arm-none-eabi/lib/thumb/v6-m/nofp/libc.a(lib_a-reent.o)
                              /usr/lib/gcc/arm-none-eabi/9.2.1/../../../arm-none-eabi/lib/thumb/v6-m/nofp/libc.a(lib_a-sbrkr.o) (errno)

Allocating common symbols
Common symbol       size              file

sf_table            0x100             CMakeFiles/picosyn.dir/home/whowhat/pico/pico-sdk/src/rp2_common/pico_float/float_init_rom.c.obj
errno               0x4               /usr/lib/gcc/arm-none-eabi/9.2.1/../../../arm-none-eabi/lib/thumb/v6-m/nofp/libc.a(lib_a-reent.o)
sd_table            0x100             CMakeFiles/picosyn.dir/home/whowhat/pico/pico-sdk/src/rp2_common/pico_double/double_init_rom.c.obj
uart_char_to_line_feed
                    0x4               CMakeFiles/picosyn.dir/home/whowhat/pico/pico-sdk/src/rp2_common/hardware_uart/uart.c.obj

Discarded input sections

[...]
Memory Configuration

Name             Origin             Length             Attributes
FLASH            0x0000000010000000 0x0000000000200000 xr
RAM              0x0000000020000000 0x0000000000040000 xrw
SCRATCH_X        0x0000000020040000 0x0000000000001000 xrw
SCRATCH_Y        0x0000000020041000 0x0000000000001000 xrw
*default*        0x0000000000000000 0xffffffffffffffff

Linker script and memory map

LOAD /usr/lib/gcc/arm-none-eabi/9.2.1/thumb/v6-m/nofp/crti.o
LOAD /usr/lib/gcc/arm-none-eabi/9.2.1/thumb/v6-m/nofp/crtbegin.o
LOAD /usr/lib/gcc/arm-none-eabi/9.2.1/../../../arm-none-eabi/lib/thumb/v6-m/nofp/crt0.o

.flash_begin    0x0000000010000000        0x0
                0x0000000010000000                __flash_binary_start = .

.boot2          0x0000000010000000      0x100
                0x0000000010000000                __boot2_start__ = .
 *(.boot2)
 .boot2         0x0000000010000000      0x100 /tmp/ccNB6g3g.o
                0x0000000010000100                __boot2_end__ = .
                0x0000000000000001                ASSERT (((__boot2_end__ - __boot2_start__) == 0x100), ERROR: Pico second stage bootloader must be 256 bytes in size)

.text           0x0000000010000100     0x3240
                0x0000000010000100                __logical_binary_start = .
 *(.vectors)
 .vectors       0x0000000010000100       0xd4 CMakeFiles/picosyn.dir/home/whowhat/pico/pico-sdk/src/rp2_common/pico_standard_link/crt0.S.obj
                0x0000000010000100                __vectors
                0x0000000010000100                __VECTOR_TABLE
                0x00000000100001c0                isr_invalid
                0x00000000100001c0                __default_isrs_start
                0x00000000100001c2                isr_nmi
                0x00000000100001c4                isr_hardfault
                0x00000000100001c6                isr_svcall
                0x00000000100001c8                isr_pendsv
                0x00000000100001ca                isr_systick
                0x00000000100001cc                isr_irq30
                0x00000000100001cc                __unhandled_user_irq
                0x00000000100001cc                isr_irq13
                0x00000000100001cc                isr_irq27
                0x00000000100001cc                isr_irq31
                0x00000000100001cc                isr_irq5
                0x00000000100001cc                isr_irq11
                0x00000000100001cc                isr_irq23
                0x00000000100001cc                isr_irq18
                0x00000000100001cc                isr_irq28
                0x00000000100001cc                isr_irq19
                0x00000000100001cc                isr_irq0
                0x00000000100001cc                isr_irq6
                0x00000000100001cc                isr_irq22
                0x00000000100001cc                isr_irq17
                0x00000000100001cc                isr_irq14
                0x00000000100001cc                isr_irq2
                0x00000000100001cc                isr_irq10
                0x00000000100001cc                isr_irq8
                0x00000000100001cc                isr_irq24
                0x00000000100001cc                isr_irq1
                0x00000000100001cc                isr_irq7
                0x00000000100001cc                isr_irq21
                0x00000000100001cc                isr_irq20
                0x00000000100001cc                isr_irq15
                0x00000000100001cc                isr_irq25
                0x00000000100001cc                isr_irq4
                0x00000000100001cc                isr_irq16
                0x00000000100001cc                isr_irq29
                0x00000000100001cc                isr_irq26
                0x00000000100001cc                __default_isrs_end
                0x00000000100001cc                isr_irq3
                0x00000000100001cc                isr_irq12
                0x00000000100001cc                isr_irq9
                0x00000000100001d2                unhandled_user_irq_num_in_r0
 *(.binary_info_header)
 .binary_info_header
                0x00000000100001d4       0x14 CMakeFiles/picosyn.dir/home/whowhat/pico/pico-sdk/src/rp2_common/pico_standard_link/crt0.S.obj
                0x00000000100001e8                __binary_info_header_end = .
 *(.reset)
 .reset         0x00000000100001e8       0xa0 CMakeFiles/picosyn.dir/home/whowhat/pico/pico-sdk/src/rp2_common/pico_standard_link/crt0.S.obj
                0x00000000100001e8                _entry_point
 .reset         0x0000000010000288       0x30 CMakeFiles/picosyn.dir/home/whowhat/pico/pico-sdk/src/rp2_common/pico_standard_link/binary_info.c.obj
 *(.init)
 .init          0x00000000100002b8        0x4 /usr/lib/gcc/arm-none-eabi/9.2.1/thumb/v6-m/nofp/crti.o
                0x00000000100002b8                _init
 *(EXCLUDE_FILE(*libm.a: *libc.a:*lib_a-mem*.o *libgcc.a:) .text*)
 .text          0x00000000100002bc       0x98 /usr/lib/gcc/arm-none-eabi/9.2.1/thumb/v6-m/nofp/crtbegin.o
 .text.pwm_interrupt_handler
                0x0000000010000354       0xac CMakeFiles/picosyn.dir/src/picosyn.c.obj
                0x0000000010000354                pwm_interrupt_handler
 .text.startup.main
                0x0000000010000400      0x148 CMakeFiles/picosyn.dir/src/picosyn.c.obj
                0x0000000010000400                main
 .text.set_sys_clock_pll
                0x0000000010000548       0x78 CMakeFiles/picosyn.dir/home/whowhat/pico/pico-sdk/src/rp2_common/pico_stdlib/stdlib.c.obj
                0x0000000010000548                set_sys_clock_pll
 .text.check_sys_clock_khz
                0x00000000100005c0      0x170 CMakeFiles/picosyn.dir/home/whowhat/pico/pico-sdk/src/rp2_common/pico_stdlib/stdlib.c.obj
                0x00000000100005c0                check_sys_clock_khz
 .text.gpio_set_function
                0x0000000010000730       0x30 CMakeFiles/picosyn.dir/home/whowhat/pico/pico-sdk/src/rp2_common/hardware_gpio/gpio.c.obj
                0x0000000010000730                gpio_set_function
 .text.gpio_init
                0x0000000010000760       0x3c CMakeFiles/picosyn.dir/home/whowhat/pico/pico-sdk/src/rp2_common/hardware_gpio/gpio.c.obj
                0x0000000010000760                gpio_init
 .text.running_on_fpga
                0x000000001000079c       0x10 CMakeFiles/picosyn.dir/home/whowhat/pico/pico-sdk/src/rp2_common/pico_platform/platform.c.obj
                0x000000001000079c                running_on_fpga
 .text.hw_claim_or_assert
                0x00000000100007ac       0x48 CMakeFiles/picosyn.dir/home/whowhat/pico/pico-sdk/src/rp2_common/hardware_claim/claim.c.obj
                0x00000000100007ac                hw_claim_or_assert
 .text.spin_locks_reset
                0x00000000100007f4       0x1c CMakeFiles/picosyn.dir/home/whowhat/pico/pico-sdk/src/rp2_common/hardware_sync/sync.c.obj
                0x00000000100007f4                spin_locks_reset
 .text.next_striped_spin_lock_num
                0x0000000010000810       0x18 CMakeFiles/picosyn.dir/home/whowhat/pico/pico-sdk/src/rp2_common/hardware_sync/sync.c.obj
                0x0000000010000810                next_striped_spin_lock_num
 .text.irq_set_enabled
                0x0000000010000828       0x24 CMakeFiles/picosyn.dir/home/whowhat/pico/pico-sdk/src/rp2_common/hardware_irq/irq.c.obj
                0x0000000010000828                irq_set_enabled
 .text.irq_get_vtable_handler
                0x000000001000084c       0x10 CMakeFiles/picosyn.dir/home/whowhat/pico/pico-sdk/src/rp2_common/hardware_irq/irq.c.obj
                0x000000001000084c                irq_get_vtable_handler
 .text.irq_set_exclusive_handler
                0x000000001000085c       0x54 CMakeFiles/picosyn.dir/home/whowhat/pico/pico-sdk/src/rp2_common/hardware_irq/irq.c.obj
                0x000000001000085c                irq_set_exclusive_handler
 .text.irq_remove_handler
                0x00000000100008b0      0x1b4 CMakeFiles/picosyn.dir/home/whowhat/pico/pico-sdk/src/rp2_common/hardware_irq/irq.c.obj
                0x00000000100008b0                irq_remove_handler
 .text.irq_add_tail_to_free_list
                0x0000000010000a64       0xb4 CMakeFiles/picosyn.dir/home/whowhat/pico/pico-sdk/src/rp2_common/hardware_irq/irq.c.obj
                0x0000000010000a64                irq_add_tail_to_free_list
 .text.irq_init_priorities
                0x0000000010000b18       0x24 CMakeFiles/picosyn.dir/home/whowhat/pico/pico-sdk/src/rp2_common/hardware_irq/irq.c.obj
                0x0000000010000b18                irq_init_priorities
 .text.lock_init
                0x0000000010000b3c       0x10 CMakeFiles/picosyn.dir/home/whowhat/pico/pico-sdk/src/common/pico_sync/lock_core.c.obj
                0x0000000010000b3c                lock_init
 .text.mutex_init
                0x0000000010000b4c       0x1c CMakeFiles/picosyn.dir/home/whowhat/pico/pico-sdk/src/common/pico_sync/mutex.c.obj
                0x0000000010000b4c                mutex_init
 .text.recursive_mutex_init
                0x0000000010000b68       0x1c CMakeFiles/picosyn.dir/home/whowhat/pico/pico-sdk/src/common/pico_sync/mutex.c.obj
                0x0000000010000b68                recursive_mutex_init
 .text.timer_pool_entry_comparator
                0x0000000010000b84       0x34 CMakeFiles/picosyn.dir/home/whowhat/pico/pico-sdk/src/common/pico_time/time.c.obj
                0x0000000010000b84                timer_pool_entry_comparator
 .text.sleep_until_callback
                0x0000000010000bb8       0x30 CMakeFiles/picosyn.dir/home/whowhat/pico/pico-sdk/src/common/pico_time/time.c.obj
 .text.add_alarm_under_lock
                0x0000000010000be8      0x108 CMakeFiles/picosyn.dir/home/whowhat/pico/pico-sdk/src/common/pico_time/time.c.obj
 .text.alarm_pool_alarm_callback
                0x0000000010000cf0      0x1bc CMakeFiles/picosyn.dir/home/whowhat/pico/pico-sdk/src/common/pico_time/time.c.obj
 .text.alarm_pool_init_default
                0x0000000010000eac       0x6c CMakeFiles/picosyn.dir/home/whowhat/pico/pico-sdk/src/common/pico_time/time.c.obj
                0x0000000010000eac                alarm_pool_init_default
 .text.alarm_pool_add_alarm_at
                0x0000000010000f18      0x18c CMakeFiles/picosyn.dir/home/whowhat/pico/pico-sdk/src/common/pico_time/time.c.obj
                0x0000000010000f18                alarm_pool_add_alarm_at
 .text.best_effort_wfe_or_timeout
                0x00000000100010a4       0xd4 CMakeFiles/picosyn.dir/home/whowhat/pico/pico-sdk/src/common/pico_time/time.c.obj
                0x00000000100010a4                best_effort_wfe_or_timeout
 .text.hardware_alarm_irq_handler
                0x0000000010001178       0xbc CMakeFiles/picosyn.dir/home/whowhat/pico/pico-sdk/src/rp2_common/hardware_timer/timer.c.obj
 .text.hardware_alarm_claim
                0x0000000010001234       0x18 CMakeFiles/picosyn.dir/home/whowhat/pico/pico-sdk/src/rp2_common/hardware_timer/timer.c.obj
                0x0000000010001234                hardware_alarm_claim
 .text.time_us_64
                0x000000001000124c       0x14 CMakeFiles/picosyn.dir/home/whowhat/pico/pico-sdk/src/rp2_common/hardware_timer/timer.c.obj
                0x000000001000124c                time_us_64
 .text.busy_wait_us
                0x0000000010001260       0x54 CMakeFiles/picosyn.dir/home/whowhat/pico/pico-sdk/src/rp2_common/hardware_timer/timer.c.obj
                0x0000000010001260                busy_wait_us
 .text.hardware_alarm_set_callback
                0x00000000100012b4       0x8c CMakeFiles/picosyn.dir/home/whowhat/pico/pico-sdk/src/rp2_common/hardware_timer/timer.c.obj
                0x00000000100012b4                hardware_alarm_set_callback
 .text.hardware_alarm_set_target
                0x0000000010001340       0xd4 CMakeFiles/picosyn.dir/home/whowhat/pico/pico-sdk/src/rp2_common/hardware_timer/timer.c.obj
                0x0000000010001340                hardware_alarm_set_target
 .text.hardware_alarm_cancel
                0x0000000010001414       0x40 CMakeFiles/picosyn.dir/home/whowhat/pico/pico-sdk/src/rp2_common/hardware_timer/timer.c.obj
                0x0000000010001414                hardware_alarm_cancel
 .text.ph_merge_nodes
                0x0000000010001454       0x68 CMakeFiles/picosyn.dir/home/whowhat/pico/pico-sdk/src/common/pico_util/pheap.c.obj
 .text.ph_post_alloc_init
                0x00000000100014bc       0x3c CMakeFiles/picosyn.dir/home/whowhat/pico/pico-sdk/src/common/pico_util/pheap.c.obj
                0x00000000100014bc                ph_post_alloc_init
 .text.ph_merge_two_pass
                0x00000000100014f8       0x90 CMakeFiles/picosyn.dir/home/whowhat/pico/pico-sdk/src/common/pico_util/pheap.c.obj
                0x00000000100014f8                ph_merge_two_pass
 .text.ph_remove_any_head
                0x0000000010001588      0x100 CMakeFiles/picosyn.dir/home/whowhat/pico/pico-sdk/src/common/pico_util/pheap.c.obj
 .text.ph_remove_head
                0x0000000010001688      0x144 CMakeFiles/picosyn.dir/home/whowhat/pico/pico-sdk/src/common/pico_util/pheap.c.obj
                0x0000000010001688                ph_remove_head
 .text.ph_remove_and_free_node
                0x00000000100017cc       0x7c CMakeFiles/picosyn.dir/home/whowhat/pico/pico-sdk/src/common/pico_util/pheap.c.obj
                0x00000000100017cc                ph_remove_and_free_node
 .text.uart_init
                0x0000000010001848      0x188 CMakeFiles/picosyn.dir/home/whowhat/pico/pico-sdk/src/rp2_common/hardware_uart/uart.c.obj
                0x0000000010001848                uart_init
 .text.uart_set_fifo_enabled
                0x00000000100019d0       0x68 CMakeFiles/picosyn.dir/home/whowhat/pico/pico-sdk/src/rp2_common/hardware_uart/uart.c.obj
                0x00000000100019d0                uart_set_fifo_enabled
 .text.clock_configure
                0x0000000010001a38      0x118 CMakeFiles/picosyn.dir/home/whowhat/pico/pico-sdk/src/rp2_common/hardware_clocks/clocks.c.obj
                0x0000000010001a38                clock_configure
 .text.clocks_init
                0x0000000010001b50      0x2d0 CMakeFiles/picosyn.dir/home/whowhat/pico/pico-sdk/src/rp2_common/hardware_clocks/clocks.c.obj
                0x0000000010001b50                clocks_init
 .text.clock_get_hz
                0x0000000010001e20        0xc CMakeFiles/picosyn.dir/home/whowhat/pico/pico-sdk/src/rp2_common/hardware_clocks/clocks.c.obj
                0x0000000010001e20                clock_get_hz
 .text.pll_init
                0x0000000010001e2c       0xa0 CMakeFiles/picosyn.dir/home/whowhat/pico/pico-sdk/src/rp2_common/hardware_pll/pll.c.obj
                0x0000000010001e2c                pll_init
 .text.watchdog_start_tick
                0x0000000010001ecc       0x10 CMakeFiles/picosyn.dir/home/whowhat/pico/pico-sdk/src/rp2_common/hardware_watchdog/watchdog.c.obj
                0x0000000010001ecc                watchdog_start_tick
 .text.xosc_init
                0x0000000010001edc       0x28 CMakeFiles/picosyn.dir/home/whowhat/pico/pico-sdk/src/rp2_common/hardware_xosc/xosc.c.obj
                0x0000000010001edc                xosc_init
 .text.runtime_init
                0x0000000010001f04       0xf0 CMakeFiles/picosyn.dir/home/whowhat/pico/pico-sdk/src/rp2_common/pico_runtime/runtime.c.obj
                0x0000000010001f04                runtime_init
 .text._exit    0x0000000010001ff4        0x4 CMakeFiles/picosyn.dir/home/whowhat/pico/pico-sdk/src/rp2_common/pico_runtime/runtime.c.obj
                0x0000000010001ff4                _exit
 .text.exit     0x0000000010001ff8        0x8 CMakeFiles/picosyn.dir/home/whowhat/pico/pico-sdk/src/rp2_common/pico_runtime/runtime.c.obj
                0x0000000010001ff8                exit
 .text.panic    0x0000000010002000       0x30 CMakeFiles/picosyn.dir/home/whowhat/pico/pico-sdk/src/rp2_common/pico_runtime/runtime.c.obj
                0x0000000010002000                panic
 .text.hard_assertion_failure
                0x0000000010002030        0xc CMakeFiles/picosyn.dir/home/whowhat/pico/pico-sdk/src/rp2_common/pico_runtime/runtime.c.obj
                0x0000000010002030                hard_assertion_failure
 .text._out_char
                0x000000001000203c       0x10 CMakeFiles/picosyn.dir/home/whowhat/pico/pico-sdk/src/rp2_common/pico_printf/printf.c.obj
 .text.weak_raw_vprintf
                0x000000001000204c       0x30 CMakeFiles/picosyn.dir/home/whowhat/pico/pico-sdk/src/rp2_common/pico_printf/printf.c.obj
                0x000000001000204c                weak_raw_vprintf
 .text          0x000000001000207c       0x10 CMakeFiles/picosyn.dir/home/whowhat/pico/pico-sdk/src/rp2_common/pico_bit_ops/bit_ops_aeabi.S.obj
 .text.rom_func_lookup
                0x000000001000208c       0x10 CMakeFiles/picosyn.dir/home/whowhat/pico/pico-sdk/src/rp2_common/pico_bootrom/bootrom.c.obj
                0x000000001000208c                rom_func_lookup
 .text.rom_data_lookup
                0x000000001000209c       0x10 CMakeFiles/picosyn.dir/home/whowhat/pico/pico-sdk/src/rp2_common/pico_bootrom/bootrom.c.obj
                0x000000001000209c                rom_data_lookup
 .text.rom_funcs_lookup
                0x00000000100020ac       0x3c CMakeFiles/picosyn.dir/home/whowhat/pico/pico-sdk/src/rp2_common/pico_bootrom/bootrom.c.obj
                0x00000000100020ac                rom_funcs_lookup
 .text.__wrap___aeabi_uidiv
                0x00000000100020e8       0x4c CMakeFiles/picosyn.dir/home/whowhat/pico/pico-sdk/src/rp2_common/pico_divider/divider.S.obj
                0x00000000100020e8                __wrap___aeabi_uidiv
                0x00000000100020e8                __wrap___aeabi_uidivmod
                0x00000000100020e8                div_u32u32
                0x00000000100020e8                divmod_u32u32
                0x00000000100020f0                divmod_u32u32_unsafe
                0x0000000010002118                divmod_u32u32_savestate
 .text.__wrap___aeabi_ldiv
                0x0000000010002134      0x424 CMakeFiles/picosyn.dir/home/whowhat/pico/pico-sdk/src/rp2_common/pico_divider/divider.S.obj
                0x0000000010002134                div_s64s64
                0x0000000010002134                divmod_s64s64
                0x0000000010002134                __wrap___aeabi_ldivmod
                0x0000000010002164                div_u64u64
                0x0000000010002164                divmod_u64u64
                0x0000000010002164                __wrap___aeabi_uldivmod
                0x0000000010002174                divmod_u64u64_savestate
                0x0000000010002194                divmod_s64s64_unsafe
                0x000000001000221c                divmod_u64u64_unsafe
 .text.__wrap___aeabi_darithmetic
                0x0000000010002558       0x80 CMakeFiles/picosyn.dir/home/whowhat/pico/pico-sdk/src/rp2_common/pico_double/double_aeabi.S.obj
                0x0000000010002558                __wrap___aeabi_drsub
                0x000000001000255e                __wrap___aeabi_dsub
                0x0000000010002570                __wrap___aeabi_dadd
                0x0000000010002582                __wrap___aeabi_ddiv
                0x00000000100025be                __wrap___aeabi_dmul
 .text.__wrap___aeabi_d2f
                0x00000000100025d8       0x18 CMakeFiles/picosyn.dir/home/whowhat/pico/pico-sdk/src/rp2_common/pico_double/double_aeabi.S.obj
                0x00000000100025d8                __wrap___aeabi_d2f
 .text.__aeabi_double_init
                0x00000000100025f0       0xc0 CMakeFiles/picosyn.dir/home/whowhat/pico/pico-sdk/src/rp2_common/pico_double/double_init_rom.c.obj
                0x00000000100025f0                __aeabi_double_init
 .text.double_table_shim_on_use_helper
                0x00000000100026b0       0x2c CMakeFiles/picosyn.dir/home/whowhat/pico/pico-sdk/src/rp2_common/pico_double/double_v1_rom_shim.S.obj
                0x00000000100026b0                double_table_shim_on_use_helper
 .text.__wrap___aeabi_dsub
                0x00000000100026dc       0x10 CMakeFiles/picosyn.dir/home/whowhat/pico/pico-sdk/src/rp2_common/pico_double/double_v1_rom_shim.S.obj
                0x00000000100026dc                drsub_shim
                0x00000000100026e2                dsub_shim
 .text.dadd_shim
                0x00000000100026ec      0x15c CMakeFiles/picosyn.dir/home/whowhat/pico/pico-sdk/src/rp2_common/pico_double/double_v1_rom_shim.S.obj
                0x00000000100026ec                dadd_shim
 .text.dmul_shim
                0x0000000010002848      0x15c CMakeFiles/picosyn.dir/home/whowhat/pico/pico-sdk/src/rp2_common/pico_double/double_v1_rom_shim.S.obj
                0x0000000010002848                dmul_shim
 .text.ddiv_shim
                0x00000000100029a4      0x1b0 CMakeFiles/picosyn.dir/home/whowhat/pico/pico-sdk/src/rp2_common/pico_double/double_v1_rom_shim.S.obj
                0x00000000100029a4                ddiv_shim
 .text.double2float_shim
                0x0000000010002b54       0x5c CMakeFiles/picosyn.dir/home/whowhat/pico/pico-sdk/src/rp2_common/pico_double/double_v1_rom_shim.S.obj
                0x0000000010002b54                double2float_shim
 .text.__wrap___aeabi_farithmetic
                0x0000000010002bb0       0x48 CMakeFiles/picosyn.dir/home/whowhat/pico/pico-sdk/src/rp2_common/pico_float/float_aeabi.S.obj
                0x0000000010002bb0                __wrap___aeabi_frsub
                0x0000000010002bb6                __wrap___aeabi_fsub
                0x0000000010002bbc                __wrap___aeabi_fadd
                0x0000000010002bc2                __wrap___aeabi_fdiv
                0x0000000010002bea                __wrap___aeabi_fmul
 .text.__wrap___aeabi_cfcmple
                0x0000000010002bf8       0x50 CMakeFiles/picosyn.dir/home/whowhat/pico/pico-sdk/src/rp2_common/pico_float/float_aeabi.S.obj
                0x0000000010002bf8                __wrap___aeabi_cfrcmple
                0x0000000010002c04                __wrap___aeabi_cfcmpeq
                0x0000000010002c04                __wrap___aeabi_cfcmple
 .text.__wrap___aeabi_fcmpgt
                0x0000000010002c48        0xa CMakeFiles/picosyn.dir/home/whowhat/pico/pico-sdk/src/rp2_common/pico_float/float_aeabi.S.obj
                0x0000000010002c48                __wrap___aeabi_fcmpgt
 *fill*         0x0000000010002c52        0x2 
 .text.__wrap___aeabi_i2f
                0x0000000010002c54       0x44 CMakeFiles/picosyn.dir/home/whowhat/pico/pico-sdk/src/rp2_common/pico_float/float_aeabi.S.obj
                0x0000000010002c54                __wrap___aeabi_i2f
 .text.__wrap___aeabi_f2iz
                0x0000000010002c98       0x4e CMakeFiles/picosyn.dir/home/whowhat/pico/pico-sdk/src/rp2_common/pico_float/float_aeabi.S.obj
                0x0000000010002c98                __wrap___aeabi_f2iz
                0x0000000010002c98                float2int_z
 *fill*         0x0000000010002ce6        0x2 
 .text.float2int
                0x0000000010002ce8       0x14 CMakeFiles/picosyn.dir/home/whowhat/pico/pico-sdk/src/rp2_common/pico_float/float_aeabi.S.obj
                0x0000000010002ce8                float2int
 .text.__wrap___aeabi_f2uiz
                0x0000000010002cfc        0xc CMakeFiles/picosyn.dir/home/whowhat/pico/pico-sdk/src/rp2_common/pico_float/float_aeabi.S.obj
                0x0000000010002cfc                __wrap___aeabi_f2uiz
 .text.__wrap___aeabi_f2d
                0x0000000010002d08       0x14 CMakeFiles/picosyn.dir/home/whowhat/pico/pico-sdk/src/rp2_common/pico_float/float_aeabi.S.obj
                0x0000000010002d08                __wrap___aeabi_f2d
 .text.__aeabi_float_init
                0x0000000010002d1c       0x64 CMakeFiles/picosyn.dir/home/whowhat/pico/pico-sdk/src/rp2_common/pico_float/float_init_rom.c.obj
                0x0000000010002d1c                __aeabi_float_init
 .text.float_table_shim_on_use_helper
                0x0000000010002d80       0x2c CMakeFiles/picosyn.dir/home/whowhat/pico/pico-sdk/src/rp2_common/pico_float/float_v1_rom_shim.S.obj
                0x0000000010002d80                float_table_shim_on_use_helper
 .text.float232_shims
                0x0000000010002dac       0x18 CMakeFiles/picosyn.dir/home/whowhat/pico/pico-sdk/src/rp2_common/pico_float/float_v1_rom_shim.S.obj
                0x0000000010002dac                float2int_shim
                0x0000000010002dae                float2fix_shim
 .text.float2double_shim
                0x0000000010002dc4       0x30 CMakeFiles/picosyn.dir/home/whowhat/pico/pico-sdk/src/rp2_common/pico_float/float_v1_rom_shim.S.obj
                0x0000000010002dc4                float2double_shim
 .text          0x0000000010002df4       0x10 CMakeFiles/picosyn.dir/home/whowhat/pico/pico-sdk/src/rp2_common/pico_mem_ops/mem_ops_aeabi.S.obj
                0x0000000010002df4                __aeabi_mem_init
 .text.memcpy   0x0000000010002e04        0xc CMakeFiles/picosyn.dir/home/whowhat/pico/pico-sdk/src/rp2_common/pico_mem_ops/mem_ops_aeabi.S.obj
                0x0000000010002e04                __wrap___aeabi_memcpy
                0x0000000010002e04                __wrap_memcpy
 .text.stdio_out_chars_no_crlf
                0x0000000010002e10       0x10 CMakeFiles/picosyn.dir/home/whowhat/pico/pico-sdk/src/rp2_common/pico_stdio/stdio.c.obj
 .text.stdio_out_chars_crlf
                0x0000000010002e20       0x94 CMakeFiles/picosyn.dir/home/whowhat/pico/pico-sdk/src/rp2_common/pico_stdio/stdio.c.obj
 .text.stdio_put_string
                0x0000000010002eb4      0x104 CMakeFiles/picosyn.dir/home/whowhat/pico/pico-sdk/src/rp2_common/pico_stdio/stdio.c.obj
 .text.__wrap_putchar
                0x0000000010002fb8       0x98 CMakeFiles/picosyn.dir/home/whowhat/pico/pico-sdk/src/rp2_common/pico_stdio/stdio.c.obj
                0x0000000010002fb8                __wrap_putchar
 .text.__wrap_puts
                0x0000000010003050       0x3c CMakeFiles/picosyn.dir/home/whowhat/pico/pico-sdk/src/rp2_common/pico_stdio/stdio.c.obj
                0x0000000010003050                __wrap_puts
 .text.stdio_set_driver_enabled
                0x000000001000308c       0x30 CMakeFiles/picosyn.dir/home/whowhat/pico/pico-sdk/src/rp2_common/pico_stdio/stdio.c.obj
                0x000000001000308c                stdio_set_driver_enabled
 .text.stdio_init_all
                0x00000000100030bc        0xc CMakeFiles/picosyn.dir/home/whowhat/pico/pico-sdk/src/rp2_common/pico_stdio/stdio.c.obj
                0x00000000100030bc                stdio_init_all
 .text.stdio_uart_out_chars
                0x00000000100030c8       0x4c CMakeFiles/picosyn.dir/home/whowhat/pico/pico-sdk/src/rp2_common/pico_stdio_uart/stdio_uart.c.obj
 .text.stdio_uart_in_chars
                0x0000000010003114       0x84 CMakeFiles/picosyn.dir/home/whowhat/pico/pico-sdk/src/rp2_common/pico_stdio_uart/stdio_uart.c.obj
                0x0000000010003114                stdio_uart_in_chars
 .text.on_uart_rx
                0x0000000010003198       0x28 CMakeFiles/picosyn.dir/home/whowhat/pico/pico-sdk/src/rp2_common/pico_stdio_uart/stdio_uart.c.obj
 .text.stdio_uart_set_chars_available_callback
                0x00000000100031c0       0x8c CMakeFiles/picosyn.dir/home/whowhat/pico/pico-sdk/src/rp2_common/pico_stdio_uart/stdio_uart.c.obj
 .text.stdio_uart_init
                0x000000001000324c       0x48 CMakeFiles/picosyn.dir/home/whowhat/pico/pico-sdk/src/rp2_common/pico_stdio_uart/stdio_uart.c.obj
                0x000000001000324c                stdio_uart_init
 .text          0x0000000010003294       0x68 /usr/lib/gcc/arm-none-eabi/9.2.1/../../../arm-none-eabi/lib/thumb/v6-m/nofp/libc.a(lib_a-strlen-stub.o)
                0x0000000010003294                strlen
 *(.fini)
 .fini          0x00000000100032fc        0x4 /usr/lib/gcc/arm-none-eabi/9.2.1/thumb/v6-m/nofp/crti.o
                0x00000000100032fc                _fini
 .fini.__stub   0x0000000010003300       0x40 linker stubs
 *crtbegin.o(.ctors)
 *crtbegin?.o(.ctors)
 *(EXCLUDE_FILE(*crtend.o *crtend?.o) .ctors)
 *(SORT_BY_NAME(.ctors.*))
 *(.ctors)
 *crtbegin.o(.dtors)
 *crtbegin?.o(.dtors)
 *(EXCLUDE_FILE(*crtend.o *crtend?.o) .dtors)
 *(SORT_BY_NAME(.dtors.*))
 *(.dtors)
 *(.eh_frame*)
 .eh_frame      0x0000000010003340        0x0 /usr/lib/gcc/arm-none-eabi/9.2.1/thumb/v6-m/nofp/crtbegin.o
                0x0000000010003340                . = ALIGN (0x4)

.glue_7         0x0000000010003340        0x0
 .glue_7        0x0000000010003340        0x0 linker stubs

.glue_7t        0x0000000010003340        0x0
 .glue_7t       0x0000000010003340        0x0 linker stubs

.vfp11_veneer   0x0000000010003340        0x0
 .vfp11_veneer  0x0000000010003340        0x0 linker stubs

.v4_bx          0x0000000010003340        0x0
 .v4_bx         0x0000000010003340        0x0 linker stubs

.iplt           0x0000000010003340        0x0
 .iplt          0x0000000010003340        0x0 /usr/lib/gcc/arm-none-eabi/9.2.1/thumb/v6-m/nofp/crtbegin.o

.rodata         0x0000000010003340      0x12c
 *(EXCLUDE_FILE(*libm.a: *libc.a:*lib_a-mem*.o *libgcc.a:) .rodata*)
 .rodata.main.str1.4
                0x0000000010003340       0x32 CMakeFiles/picosyn.dir/src/picosyn.c.obj
 *fill*         0x0000000010003372        0x2 
 .rodata.hardware_alarm_claim.str1.4
                0x0000000010003374       0x22 CMakeFiles/picosyn.dir/home/whowhat/pico/pico-sdk/src/rp2_common/hardware_timer/timer.c.obj
 *fill*         0x0000000010003396        0x2 
 .rodata.panic.str1.4
                0x0000000010003398       0x12 CMakeFiles/picosyn.dir/home/whowhat/pico/pico-sdk/src/rp2_common/pico_runtime/runtime.c.obj
 *fill*         0x00000000100033aa        0x2 
 .rodata.hard_assertion_failure.str1.4
                0x00000000100033ac        0xc CMakeFiles/picosyn.dir/home/whowhat/pico/pico-sdk/src/rp2_common/pico_runtime/runtime.c.obj
 .rodata.str1.4
                0x00000000100033b8       0x40 CMakeFiles/picosyn.dir/home/whowhat/pico/pico-sdk/src/rp2_common/pico_standard_link/binary_info.c.obj
 .rodata.__bi_44
                0x00000000100033f8        0xc CMakeFiles/picosyn.dir/home/whowhat/pico/pico-sdk/src/rp2_common/pico_standard_link/binary_info.c.obj
 .rodata.__bi_56
                0x0000000010003404        0xc CMakeFiles/picosyn.dir/home/whowhat/pico/pico-sdk/src/rp2_common/pico_standard_link/binary_info.c.obj
 .rodata.__bi_75
                0x0000000010003410        0xc CMakeFiles/picosyn.dir/home/whowhat/pico/pico-sdk/src/rp2_common/pico_standard_link/binary_info.c.obj
 .rodata.__bi_81
                0x000000001000341c        0xc CMakeFiles/picosyn.dir/home/whowhat/pico/pico-sdk/src/rp2_common/pico_standard_link/binary_info.c.obj
 .rodata.crlf_str.6231
                0x0000000010003428        0x2 CMakeFiles/picosyn.dir/home/whowhat/pico/pico-sdk/src/rp2_common/pico_stdio/stdio.c.obj
 *fill*         0x000000001000342a        0x2 
 .rodata.str1.4
                0x000000001000342c       0x2c CMakeFiles/picosyn.dir/home/whowhat/pico/pico-sdk/src/rp2_common/pico_stdio_uart/stdio_uart.c.obj
 .rodata.__bi_33.4876
                0x0000000010003458        0xc CMakeFiles/picosyn.dir/home/whowhat/pico/pico-sdk/src/rp2_common/pico_stdio_uart/stdio_uart.c.obj
 .rodata.__bi_34.4880
                0x0000000010003464        0x8 CMakeFiles/picosyn.dir/home/whowhat/pico/pico-sdk/src/rp2_common/pico_stdio_uart/stdio_uart.c.obj
                0x000000001000346c                . = ALIGN (0x4)
 *(SORT_BY_ALIGNMENT(SORT_BY_NAME(.flashdata*)))
                0x000000001000346c                . = ALIGN (0x4)

.ARM.extab
 *(.ARM.extab* .gnu.linkonce.armextab.*)
                0x000000001000346c                __exidx_start = .

.ARM.exidx
 *(.ARM.exidx* .gnu.linkonce.armexidx.*)
                0x000000001000346c                __exidx_end = .
                0x000000001000346c                . = ALIGN (0x4)
                0x000000001000346c                __binary_info_start = .

.binary_info    0x000000001000346c       0x28
 *(.binary_info.keep.*)
 .binary_info.keep.__bi_ptr22
                0x000000001000346c        0x4 CMakeFiles/picosyn.dir/home/whowhat/pico/pico-sdk/src/rp2_common/pico_standard_link/binary_info.c.obj
 .binary_info.keep.__bi_ptr30
                0x0000000010003470        0x4 CMakeFiles/picosyn.dir/home/whowhat/pico/pico-sdk/src/rp2_common/pico_standard_link/binary_info.c.obj
 .binary_info.keep.__bi_ptr38
                0x0000000010003474        0x4 CMakeFiles/picosyn.dir/home/whowhat/pico/pico-sdk/src/rp2_common/pico_standard_link/binary_info.c.obj
 .binary_info.keep.__bi_ptr44
                0x0000000010003478        0x4 CMakeFiles/picosyn.dir/home/whowhat/pico/pico-sdk/src/rp2_common/pico_standard_link/binary_info.c.obj
 .binary_info.keep.__bi_ptr50
                0x000000001000347c        0x4 CMakeFiles/picosyn.dir/home/whowhat/pico/pico-sdk/src/rp2_common/pico_standard_link/binary_info.c.obj
 .binary_info.keep.__bi_ptr56
                0x0000000010003480        0x4 CMakeFiles/picosyn.dir/home/whowhat/pico/pico-sdk/src/rp2_common/pico_standard_link/binary_info.c.obj
 .binary_info.keep.__bi_ptr75
                0x0000000010003484        0x4 CMakeFiles/picosyn.dir/home/whowhat/pico/pico-sdk/src/rp2_common/pico_standard_link/binary_info.c.obj
 .binary_info.keep.__bi_ptr81
                0x0000000010003488        0x4 CMakeFiles/picosyn.dir/home/whowhat/pico/pico-sdk/src/rp2_common/pico_standard_link/binary_info.c.obj
 *(.binary_info.*)
 .binary_info.__bi_ptr33
                0x000000001000348c        0x4 CMakeFiles/picosyn.dir/home/whowhat/pico/pico-sdk/src/rp2_common/pico_stdio_uart/stdio_uart.c.obj
 .binary_info.__bi_ptr34
                0x0000000010003490        0x4 CMakeFiles/picosyn.dir/home/whowhat/pico/pico-sdk/src/rp2_common/pico_stdio_uart/stdio_uart.c.obj
                0x0000000010003494                __binary_info_end = .

.rel.dyn        0x0000000010003494        0x0
 .rel.iplt      0x0000000010003494        0x0 /usr/lib/gcc/arm-none-eabi/9.2.1/thumb/v6-m/nofp/crtbegin.o
                0x0000000010003494                . = ALIGN (0x4)

.ram_vector_table
                0x0000000020000000       0xc0
 *(.ram_vector_table)
 .ram_vector_table
                0x0000000020000000       0xc0 CMakeFiles/picosyn.dir/home/whowhat/pico/pico-sdk/src/rp2_common/pico_runtime/runtime.c.obj
                0x0000000020000000                ram_vector_table

.data           0x00000000200000c0      0x764 load address 0x0000000010003494
                0x00000000200000c0                __data_start__ = .
 *(vtable)
 *(.time_critical*)
 .time_critical.mutex_try_enter_block_until
                0x00000000200000c0       0xb0 CMakeFiles/picosyn.dir/home/whowhat/pico/pico-sdk/src/common/pico_sync/mutex.c.obj
                0x00000000200000c0                mutex_try_enter_block_until
 .time_critical.mutex_exit
                0x0000000020000170       0x28 CMakeFiles/picosyn.dir/home/whowhat/pico/pico-sdk/src/common/pico_sync/mutex.c.obj
                0x0000000020000170                mutex_exit
 *(.text*)
 .text          0x0000000020000198        0x4 /usr/lib/gcc/arm-none-eabi/9.2.1/thumb/v6-m/nofp/libgcc.a(_dvmd_tls.o)
                0x0000000020000198                __aeabi_ldiv0
                0x0000000020000198                __aeabi_idiv0
 *fill*         0x000000002000019c        0x4 
 .text.__stub   0x00000000200001a0       0x10 linker stubs
                0x00000000200001b0                . = ALIGN (0x4)
 *(.rodata*)
                0x00000000200001b0                . = ALIGN (0x4)
 *(.data*)
 .data.SAW_TABLE
                0x00000000200001b0      0x5a0 CMakeFiles/picosyn.dir/src/picosyn.c.obj
                0x00000000200001b0                SAW_TABLE
 .data.gain     0x0000000020000750        0x4 CMakeFiles/picosyn.dir/src/picosyn.c.obj
                0x0000000020000750                gain
 .data.striped_spin_lock_num
                0x0000000020000754        0x1 CMakeFiles/picosyn.dir/home/whowhat/pico/pico-sdk/src/rp2_common/hardware_sync/sync.c.obj
 *fill*         0x0000000020000755        0x3 
 .data          0x0000000020000758       0x48 CMakeFiles/picosyn.dir/home/whowhat/pico/pico-sdk/src/rp2_common/hardware_irq/irq_handler_chain.S.obj
                0x0000000020000758                irq_handler_chain_slots
                0x0000000020000788                irq_handler_chain_first_slot
                0x0000000020000792                irq_handler_chain_remove_tail
 .data.default_alarm_pool
                0x00000000200007a0       0x18 CMakeFiles/picosyn.dir/home/whowhat/pico/pico-sdk/src/common/pico_time/time.c.obj
 .data.default_alarm_pool_heap
                0x00000000200007b8       0x10 CMakeFiles/picosyn.dir/home/whowhat/pico/pico-sdk/src/common/pico_time/time.c.obj
 *fill*         0x00000000200007c8        0x8 
 .data.aeabi_bits_funcs
                0x00000000200007d0       0x10 CMakeFiles/picosyn.dir/home/whowhat/pico/pico-sdk/src/rp2_common/pico_bit_ops/bit_ops_aeabi.S.obj
                0x00000000200007d0                aeabi_bits_funcs
                0x00000000200007e0                aeabi_bits_funcs_end
 .data.aeabi_mem_funcs
                0x00000000200007e0       0x10 CMakeFiles/picosyn.dir/home/whowhat/pico/pico-sdk/src/rp2_common/pico_mem_ops/mem_ops_aeabi.S.obj
                0x00000000200007e0                aeabi_mem_funcs
                0x00000000200007f0                aeabi_mem_funcs_end
 .data.stdio_uart
                0x00000000200007f0       0x18 CMakeFiles/picosyn.dir/home/whowhat/pico/pico-sdk/src/rp2_common/pico_stdio_uart/stdio_uart.c.obj
                0x00000000200007f0                stdio_uart
                0x0000000020000808                . = ALIGN (0x4)
 *(.after_data.*)
                0x0000000020000808                . = ALIGN (0x4)
                0x0000000020000808                PROVIDE (__mutex_array_start = .)
 *(SORT_BY_NAME(.mutex_array.*))
 *(.mutex_array)
 .mutex_array   0x0000000020000808        0x8 CMakeFiles/picosyn.dir/home/whowhat/pico/pico-sdk/src/rp2_common/pico_stdio/stdio.c.obj
                0x0000000020000810                PROVIDE (__mutex_array_end = .)
                0x0000000020000810                . = ALIGN (0x4)
                0x0000000020000810                PROVIDE (__preinit_array_start = .)
 *(SORT_BY_NAME(.preinit_array.*))
 .preinit_array.00001
                0x0000000020000810        0x4 CMakeFiles/picosyn.dir/home/whowhat/pico/pico-sdk/src/rp2_common/pico_mem_ops/mem_ops_aeabi.S.obj
 .preinit_array.00010
                0x0000000020000814        0x4 CMakeFiles/picosyn.dir/home/whowhat/pico/pico-sdk/src/rp2_common/pico_bit_ops/bit_ops_aeabi.S.obj
 .preinit_array.00020
                0x0000000020000818        0x4 CMakeFiles/picosyn.dir/home/whowhat/pico/pico-sdk/src/rp2_common/pico_double/double_aeabi.S.obj
 .preinit_array.00020
                0x000000002000081c        0x4 CMakeFiles/picosyn.dir/home/whowhat/pico/pico-sdk/src/rp2_common/pico_float/float_aeabi.S.obj
 *(.preinit_array)
                0x0000000020000820                PROVIDE (__preinit_array_end = .)
                0x0000000020000820                . = ALIGN (0x4)
                0x0000000020000820                PROVIDE (__init_array_start = .)
 *(SORT_BY_NAME(.init_array.*))
 *(.init_array)
 .init_array    0x0000000020000820        0x4 /usr/lib/gcc/arm-none-eabi/9.2.1/thumb/v6-m/nofp/crtbegin.o
                0x0000000020000824                PROVIDE (__init_array_end = .)
                0x0000000020000824                . = ALIGN (0x4)
                0x0000000020000824                PROVIDE (__fini_array_start = .)
 *(SORT_BY_NAME(.fini_array.*))
 *(.fini_array)
                0x0000000020000824                PROVIDE (__fini_array_end = .)
 *(.jcr)
                0x0000000020000824                . = ALIGN (0x4)
                0x0000000020000824                __data_end__ = .
                0x0000000010003494                __etext = LOADADDR (.data)

.tm_clone_table
                0x0000000020000824        0x0 load address 0x0000000010003bf8
 .tm_clone_table
                0x0000000020000824        0x0 /usr/lib/gcc/arm-none-eabi/9.2.1/thumb/v6-m/nofp/crtbegin.o
 .tm_clone_table
                0x0000000020000824        0x0 /usr/lib/gcc/arm-none-eabi/9.2.1/thumb/v6-m/nofp/crtend.o

.igot.plt       0x0000000020000824        0x0 load address 0x0000000010003bf8
 .igot.plt      0x0000000020000824        0x0 /usr/lib/gcc/arm-none-eabi/9.2.1/thumb/v6-m/nofp/crtbegin.o

.uninitialized_data
                0x0000000020000824        0x0 load address 0x0000000010003bf8
                0x0000000020000824                . = ALIGN (0x4)
 *(.uninitialized_data*)

.scratch_x      0x0000000020040000        0x0 load address 0x0000000010003bf8
                0x0000000020040000                __scratch_x_start__ = .
 *(.scratch_x.*)
                0x0000000020040000                . = ALIGN (0x4)
                0x0000000020040000                __scratch_x_end__ = .
                0x0000000010003bf8                __scratch_x_source__ = LOADADDR (.scratch_x)

.scratch_y      0x0000000020041000        0x0 load address 0x0000000010003bf8
                0x0000000020041000                __scratch_y_start__ = .
 *(.scratch_y.*)
                0x0000000020041000                . = ALIGN (0x4)
                0x0000000020041000                __scratch_y_end__ = .
                0x0000000010003bf8                __scratch_y_source__ = LOADADDR (.scratch_y)

.bss            0x0000000020000828      0x3e8
                0x0000000020000828                . = ALIGN (0x4)
                0x0000000020000828                __bss_start__ = .
 *(SORT_BY_ALIGNMENT(SORT_BY_NAME(.bss*)))
 .bss.default_alarm_pool_entries
                0x0000000020000828      0x100 CMakeFiles/picosyn.dir/home/whowhat/pico/pico-sdk/src/common/pico_time/time.c.obj
 .bss           0x0000000020000928       0x1c /usr/lib/gcc/arm-none-eabi/9.2.1/thumb/v6-m/nofp/crtbegin.o
 .bss.alarm_callbacks
                0x0000000020000944       0x10 CMakeFiles/picosyn.dir/home/whowhat/pico/pico-sdk/src/rp2_common/hardware_timer/timer.c.obj
 .bss.audio_counter
                0x0000000020000954        0x4 CMakeFiles/picosyn.dir/src/picosyn.c.obj
                0x0000000020000954                audio_counter
 .bss.chars_available_callback
                0x0000000020000958        0x4 CMakeFiles/picosyn.dir/home/whowhat/pico/pico-sdk/src/rp2_common/pico_stdio_uart/stdio_uart.c.obj
 .bss.chars_available_param
                0x000000002000095c        0x4 CMakeFiles/picosyn.dir/home/whowhat/pico/pico-sdk/src/rp2_common/pico_stdio_uart/stdio_uart.c.obj
 .bss.configured_freq
                0x0000000020000960       0x28 CMakeFiles/picosyn.dir/home/whowhat/pico/pico-sdk/src/rp2_common/hardware_clocks/clocks.c.obj
 .bss.default_alarm_pool_entry_ids_high
                0x0000000020000988       0x10 CMakeFiles/picosyn.dir/home/whowhat/pico/pico-sdk/src/common/pico_time/time.c.obj
 .bss.default_alarm_pool_heap_nodes
                0x0000000020000998       0x30 CMakeFiles/picosyn.dir/home/whowhat/pico/pico-sdk/src/common/pico_time/time.c.obj
 .bss.drivers   0x00000000200009c8        0x4 CMakeFiles/picosyn.dir/home/whowhat/pico/pico-sdk/src/rp2_common/pico_stdio/stdio.c.obj
 .bss.filter    0x00000000200009cc        0x4 CMakeFiles/picosyn.dir/home/whowhat/pico/pico-sdk/src/rp2_common/pico_stdio/stdio.c.obj
 .bss.lazy_vsnprintf
                0x00000000200009d0        0x4 CMakeFiles/picosyn.dir/home/whowhat/pico/pico-sdk/src/rp2_common/pico_printf/printf.c.obj
 .bss.note_on   0x00000000200009d4        0x4 CMakeFiles/picosyn.dir/src/picosyn.c.obj
                0x00000000200009d4                note_on
 .bss.pools     0x00000000200009d8       0x10 CMakeFiles/picosyn.dir/home/whowhat/pico/pico-sdk/src/common/pico_time/time.c.obj
 .bss.sample_index
                0x00000000200009e8        0x4 CMakeFiles/picosyn.dir/src/picosyn.c.obj
                0x00000000200009e8                sample_index
 .bss.sf_clz_func
                0x00000000200009ec        0x4 CMakeFiles/picosyn.dir/home/whowhat/pico/pico-sdk/src/rp2_common/pico_double/double_init_rom.c.obj
                0x00000000200009ec                sf_clz_func
 .bss.sleep_notifier
                0x00000000200009f0        0x4 CMakeFiles/picosyn.dir/home/whowhat/pico/pico-sdk/src/common/pico_time/time.c.obj
 .bss.target_hi
                0x00000000200009f4       0x10 CMakeFiles/picosyn.dir/home/whowhat/pico/pico-sdk/src/rp2_common/hardware_timer/timer.c.obj
 .bss.uart_instance
                0x0000000020000a04        0x4 CMakeFiles/picosyn.dir/home/whowhat/pico/pico-sdk/src/rp2_common/pico_stdio_uart/stdio_uart.c.obj
 .bss.claimed   0x0000000020000a08        0x1 CMakeFiles/picosyn.dir/home/whowhat/pico/pico-sdk/src/rp2_common/hardware_timer/timer.c.obj
 .bss.irq_hander_chain_free_slot_head
                0x0000000020000a09        0x1 CMakeFiles/picosyn.dir/home/whowhat/pico/pico-sdk/src/rp2_common/hardware_irq/irq.c.obj
 .bss.timer_callbacks_pending
                0x0000000020000a0a        0x1 CMakeFiles/picosyn.dir/home/whowhat/pico/pico-sdk/src/rp2_common/hardware_timer/timer.c.obj
 *(COMMON)
 *fill*         0x0000000020000a0b        0x1 
 COMMON         0x0000000020000a0c        0x4 CMakeFiles/picosyn.dir/home/whowhat/pico/pico-sdk/src/rp2_common/hardware_uart/uart.c.obj
                0x0000000020000a0c                uart_char_to_line_feed
 COMMON         0x0000000020000a10      0x100 CMakeFiles/picosyn.dir/home/whowhat/pico/pico-sdk/src/rp2_common/pico_double/double_init_rom.c.obj
                0x0000000020000a10                sd_table
 COMMON         0x0000000020000b10      0x100 CMakeFiles/picosyn.dir/home/whowhat/pico/pico-sdk/src/rp2_common/pico_float/float_init_rom.c.obj
                0x0000000020000b10                sf_table
                0x0000000020000c10                . = ALIGN (0x4)
                0x0000000020000c10                __bss_end__ = .

.heap           0x0000000020000c10      0x800
                0x0000000020000c10                __end__ = .
                0x0000000020000c10                end = __end__
 *(.heap*)
 .heap          0x0000000020000c10      0x800 CMakeFiles/picosyn.dir/home/whowhat/pico/pico-sdk/src/rp2_common/pico_standard_link/crt0.S.obj
                0x0000000020001410                __HeapLimit = .

.stack1_dummy   0x0000000020040000        0x0
 *(.stack1*)

.stack_dummy    0x0000000020041000      0x800
 *(.stack*)
 .stack         0x0000000020041000      0x800 CMakeFiles/picosyn.dir/home/whowhat/pico/pico-sdk/src/rp2_common/pico_standard_link/crt0.S.obj

.flash_end      0x0000000010003bf8        0x0
                0x0000000010003bf8                PROVIDE (__flash_binary_end = .)
                0x0000000020040000                __StackLimit = (ORIGIN (RAM) + LENGTH (RAM))
                0x0000000020041000                __StackOneTop = (ORIGIN (SCRATCH_X) + LENGTH (SCRATCH_X))
                0x0000000020042000                __StackTop = (ORIGIN (SCRATCH_Y) + LENGTH (SCRATCH_Y))
                0x0000000020041000                __StackOneBottom = (__StackOneTop - SIZEOF (.stack1_dummy))
                0x0000000020041800                __StackBottom = (__StackTop - SIZEOF (.stack_dummy))
                0x0000000020042000                PROVIDE (__stack = __StackTop)
                0x0000000000000001                ASSERT ((__StackLimit >= __HeapLimit), region RAM overflowed)
                0x0000000000000001                ASSERT (((__binary_info_header_end - __logical_binary_start) <= 0x100), Binary info must be in first 256 bytes of the binary)
LOAD CMakeFiles/picosyn.dir/src/picosyn.c.obj
LOAD CMakeFiles/picosyn.dir/home/whowhat/pico/pico-sdk/src/rp2_common/pico_stdlib/stdlib.c.obj
LOAD CMakeFiles/picosyn.dir/home/whowhat/pico/pico-sdk/src/rp2_common/hardware_gpio/gpio.c.obj
LOAD CMakeFiles/picosyn.dir/home/whowhat/pico/pico-sdk/src/rp2_common/pico_platform/platform.c.obj
LOAD CMakeFiles/picosyn.dir/home/whowhat/pico/pico-sdk/src/rp2_common/hardware_claim/claim.c.obj
LOAD CMakeFiles/picosyn.dir/home/whowhat/pico/pico-sdk/src/rp2_common/hardware_sync/sync.c.obj
LOAD CMakeFiles/picosyn.dir/home/whowhat/pico/pico-sdk/src/rp2_common/hardware_irq/irq.c.obj
LOAD CMakeFiles/picosyn.dir/home/whowhat/pico/pico-sdk/src/rp2_common/hardware_irq/irq_handler_chain.S.obj
LOAD CMakeFiles/picosyn.dir/home/whowhat/pico/pico-sdk/src/common/pico_sync/sem.c.obj
LOAD CMakeFiles/picosyn.dir/home/whowhat/pico/pico-sdk/src/common/pico_sync/lock_core.c.obj
LOAD CMakeFiles/picosyn.dir/home/whowhat/pico/pico-sdk/src/common/pico_sync/mutex.c.obj
LOAD CMakeFiles/picosyn.dir/home/whowhat/pico/pico-sdk/src/common/pico_sync/critical_section.c.obj
LOAD CMakeFiles/picosyn.dir/home/whowhat/pico/pico-sdk/src/common/pico_time/time.c.obj
LOAD CMakeFiles/picosyn.dir/home/whowhat/pico/pico-sdk/src/common/pico_time/timeout_helper.c.obj
LOAD CMakeFiles/picosyn.dir/home/whowhat/pico/pico-sdk/src/rp2_common/hardware_timer/timer.c.obj
LOAD CMakeFiles/picosyn.dir/home/whowhat/pico/pico-sdk/src/common/pico_util/datetime.c.obj
LOAD CMakeFiles/picosyn.dir/home/whowhat/pico/pico-sdk/src/common/pico_util/pheap.c.obj
LOAD CMakeFiles/picosyn.dir/home/whowhat/pico/pico-sdk/src/common/pico_util/queue.c.obj
LOAD CMakeFiles/picosyn.dir/home/whowhat/pico/pico-sdk/src/rp2_common/hardware_uart/uart.c.obj
LOAD CMakeFiles/picosyn.dir/home/whowhat/pico/pico-sdk/src/rp2_common/hardware_clocks/clocks.c.obj
LOAD CMakeFiles/picosyn.dir/home/whowhat/pico/pico-sdk/src/rp2_common/hardware_pll/pll.c.obj
LOAD CMakeFiles/picosyn.dir/home/whowhat/pico/pico-sdk/src/rp2_common/hardware_vreg/vreg.c.obj
LOAD CMakeFiles/picosyn.dir/home/whowhat/pico/pico-sdk/src/rp2_common/hardware_watchdog/watchdog.c.obj
LOAD CMakeFiles/picosyn.dir/home/whowhat/pico/pico-sdk/src/rp2_common/hardware_xosc/xosc.c.obj
LOAD CMakeFiles/picosyn.dir/home/whowhat/pico/pico-sdk/src/rp2_common/hardware_divider/divider.S.obj
LOAD CMakeFiles/picosyn.dir/home/whowhat/pico/pico-sdk/src/rp2_common/pico_runtime/runtime.c.obj
LOAD CMakeFiles/picosyn.dir/home/whowhat/pico/pico-sdk/src/rp2_common/pico_printf/printf.c.obj
LOAD CMakeFiles/picosyn.dir/home/whowhat/pico/pico-sdk/src/rp2_common/pico_bit_ops/bit_ops_aeabi.S.obj
LOAD CMakeFiles/picosyn.dir/home/whowhat/pico/pico-sdk/src/rp2_common/pico_bootrom/bootrom.c.obj
LOAD CMakeFiles/picosyn.dir/home/whowhat/pico/pico-sdk/src/rp2_common/pico_divider/divider.S.obj
LOAD CMakeFiles/picosyn.dir/home/whowhat/pico/pico-sdk/src/rp2_common/pico_double/double_aeabi.S.obj
LOAD CMakeFiles/picosyn.dir/home/whowhat/pico/pico-sdk/src/rp2_common/pico_double/double_init_rom.c.obj
LOAD CMakeFiles/picosyn.dir/home/whowhat/pico/pico-sdk/src/rp2_common/pico_double/double_math.c.obj
LOAD CMakeFiles/picosyn.dir/home/whowhat/pico/pico-sdk/src/rp2_common/pico_double/double_v1_rom_shim.S.obj
LOAD CMakeFiles/picosyn.dir/home/whowhat/pico/pico-sdk/src/rp2_common/pico_int64_ops/pico_int64_ops_aeabi.S.obj
LOAD CMakeFiles/picosyn.dir/home/whowhat/pico/pico-sdk/src/rp2_common/pico_float/float_aeabi.S.obj
LOAD CMakeFiles/picosyn.dir/home/whowhat/pico/pico-sdk/src/rp2_common/pico_float/float_init_rom.c.obj
LOAD CMakeFiles/picosyn.dir/home/whowhat/pico/pico-sdk/src/rp2_common/pico_float/float_math.c.obj
LOAD CMakeFiles/picosyn.dir/home/whowhat/pico/pico-sdk/src/rp2_common/pico_float/float_v1_rom_shim.S.obj
LOAD CMakeFiles/picosyn.dir/home/whowhat/pico/pico-sdk/src/rp2_common/pico_malloc/pico_malloc.c.obj
LOAD CMakeFiles/picosyn.dir/home/whowhat/pico/pico-sdk/src/rp2_common/pico_mem_ops/mem_ops_aeabi.S.obj
LOAD CMakeFiles/picosyn.dir/home/whowhat/pico/pico-sdk/src/rp2_common/pico_standard_link/crt0.S.obj
LOAD CMakeFiles/picosyn.dir/home/whowhat/pico/pico-sdk/src/rp2_common/pico_standard_link/new_delete.cpp.obj
LOAD CMakeFiles/picosyn.dir/home/whowhat/pico/pico-sdk/src/rp2_common/pico_standard_link/binary_info.c.obj
LOAD CMakeFiles/picosyn.dir/home/whowhat/pico/pico-sdk/src/rp2_common/pico_stdio/stdio.c.obj
LOAD CMakeFiles/picosyn.dir/home/whowhat/pico/pico-sdk/src/rp2_common/pico_stdio_uart/stdio_uart.c.obj
LOAD CMakeFiles/picosyn.dir/home/whowhat/pico/pico-sdk/src/rp2_common/hardware_dma/dma.c.obj
LOAD CMakeFiles/picosyn.dir/home/whowhat/pico/pico-sdk/src/rp2_common/hardware_pio/pio.c.obj
LOAD /tmp/ccNB6g3g.o
LOAD /usr/lib/gcc/arm-none-eabi/9.2.1/../../../arm-none-eabi/lib/thumb/v6-m/nofp/libstdc++.a
LOAD /usr/lib/gcc/arm-none-eabi/9.2.1/../../../arm-none-eabi/lib/thumb/v6-m/nofp/libm.a
START GROUP
LOAD /usr/lib/gcc/arm-none-eabi/9.2.1/thumb/v6-m/nofp/libgcc.a
LOAD /usr/lib/gcc/arm-none-eabi/9.2.1/../../../arm-none-eabi/lib/thumb/v6-m/nofp/libc.a
END GROUP
START GROUP
LOAD /usr/lib/gcc/arm-none-eabi/9.2.1/thumb/v6-m/nofp/libgcc.a
LOAD /usr/lib/gcc/arm-none-eabi/9.2.1/../../../arm-none-eabi/lib/thumb/v6-m/nofp/libc.a
LOAD /usr/lib/gcc/arm-none-eabi/9.2.1/../../../arm-none-eabi/lib/thumb/v6-m/nofp/libnosys.a
END GROUP
LOAD /usr/lib/gcc/arm-none-eabi/9.2.1/thumb/v6-m/nofp/crtend.o
LOAD /usr/lib/gcc/arm-none-eabi/9.2.1/thumb/v6-m/nofp/crtn.o
OUTPUT(picosyn.elf elf32-littlearm)
LOAD linker stubs

.ARM.attributes
                0x0000000000000000       0x28
 .ARM.attributes
                0x0000000000000000       0x1e /usr/lib/gcc/arm-none-eabi/9.2.1/thumb/v6-m/nofp/crti.o
 .ARM.attributes
                0x000000000000001e       0x2c /usr/lib/gcc/arm-none-eabi/9.2.1/thumb/v6-m/nofp/crtbegin.o
 .ARM.attributes
                0x000000000000004a       0x2c CMakeFiles/picosyn.dir/src/picosyn.c.obj
 .ARM.attributes
                0x0000000000000076       0x2c CMakeFiles/picosyn.dir/home/whowhat/pico/pico-sdk/src/rp2_common/pico_stdlib/stdlib.c.obj
 .ARM.attributes
                0x00000000000000a2       0x2c CMakeFiles/picosyn.dir/home/whowhat/pico/pico-sdk/src/rp2_common/hardware_gpio/gpio.c.obj
 .ARM.attributes
                0x00000000000000ce       0x2c CMakeFiles/picosyn.dir/home/whowhat/pico/pico-sdk/src/rp2_common/pico_platform/platform.c.obj
 .ARM.attributes
                0x00000000000000fa       0x2c CMakeFiles/picosyn.dir/home/whowhat/pico/pico-sdk/src/rp2_common/hardware_claim/claim.c.obj
 .ARM.attributes
                0x0000000000000126       0x2c CMakeFiles/picosyn.dir/home/whowhat/pico/pico-sdk/src/rp2_common/hardware_sync/sync.c.obj
 .ARM.attributes
                0x0000000000000152       0x2c CMakeFiles/picosyn.dir/home/whowhat/pico/pico-sdk/src/rp2_common/hardware_irq/irq.c.obj
 .ARM.attributes
                0x000000000000017e       0x22 CMakeFiles/picosyn.dir/home/whowhat/pico/pico-sdk/src/rp2_common/hardware_irq/irq_handler_chain.S.obj
 .ARM.attributes
                0x00000000000001a0       0x2c CMakeFiles/picosyn.dir/home/whowhat/pico/pico-sdk/src/common/pico_sync/lock_core.c.obj
 .ARM.attributes
                0x00000000000001cc       0x2c CMakeFiles/picosyn.dir/home/whowhat/pico/pico-sdk/src/common/pico_sync/mutex.c.obj
 .ARM.attributes
                0x00000000000001f8       0x2c CMakeFiles/picosyn.dir/home/whowhat/pico/pico-sdk/src/common/pico_time/time.c.obj
 .ARM.attributes
                0x0000000000000224       0x2c CMakeFiles/picosyn.dir/home/whowhat/pico/pico-sdk/src/rp2_common/hardware_timer/timer.c.obj
 .ARM.attributes
                0x0000000000000250       0x2c CMakeFiles/picosyn.dir/home/whowhat/pico/pico-sdk/src/common/pico_util/pheap.c.obj
 .ARM.attributes
                0x000000000000027c       0x2c CMakeFiles/picosyn.dir/home/whowhat/pico/pico-sdk/src/rp2_common/hardware_uart/uart.c.obj
 .ARM.attributes
                0x00000000000002a8       0x2c CMakeFiles/picosyn.dir/home/whowhat/pico/pico-sdk/src/rp2_common/hardware_clocks/clocks.c.obj
 .ARM.attributes
                0x00000000000002d4       0x2c CMakeFiles/picosyn.dir/home/whowhat/pico/pico-sdk/src/rp2_common/hardware_pll/pll.c.obj
 .ARM.attributes
                0x0000000000000300       0x2c CMakeFiles/picosyn.dir/home/whowhat/pico/pico-sdk/src/rp2_common/hardware_watchdog/watchdog.c.obj
 .ARM.attributes
                0x000000000000032c       0x2c CMakeFiles/picosyn.dir/home/whowhat/pico/pico-sdk/src/rp2_common/hardware_xosc/xosc.c.obj
 .ARM.attributes
                0x0000000000000358       0x2c CMakeFiles/picosyn.dir/home/whowhat/pico/pico-sdk/src/rp2_common/pico_runtime/runtime.c.obj
 .ARM.attributes
                0x0000000000000384       0x2c CMakeFiles/picosyn.dir/home/whowhat/pico/pico-sdk/src/rp2_common/pico_printf/printf.c.obj
 .ARM.attributes
                0x00000000000003b0       0x22 CMakeFiles/picosyn.dir/home/whowhat/pico/pico-sdk/src/rp2_common/pico_bit_ops/bit_ops_aeabi.S.obj
 .ARM.attributes
                0x00000000000003d2       0x2c CMakeFiles/picosyn.dir/home/whowhat/pico/pico-sdk/src/rp2_common/pico_bootrom/bootrom.c.obj
 .ARM.attributes
                0x00000000000003fe       0x22 CMakeFiles/picosyn.dir/home/whowhat/pico/pico-sdk/src/rp2_common/pico_divider/divider.S.obj
 .ARM.attributes
                0x0000000000000420       0x22 CMakeFiles/picosyn.dir/home/whowhat/pico/pico-sdk/src/rp2_common/pico_double/double_aeabi.S.obj
 .ARM.attributes
                0x0000000000000442       0x2c CMakeFiles/picosyn.dir/home/whowhat/pico/pico-sdk/src/rp2_common/pico_double/double_init_rom.c.obj
 .ARM.attributes
                0x000000000000046e       0x22 CMakeFiles/picosyn.dir/home/whowhat/pico/pico-sdk/src/rp2_common/pico_double/double_v1_rom_shim.S.obj
 .ARM.attributes
                0x0000000000000490       0x22 CMakeFiles/picosyn.dir/home/whowhat/pico/pico-sdk/src/rp2_common/pico_float/float_aeabi.S.obj
 .ARM.attributes
                0x00000000000004b2       0x2c CMakeFiles/picosyn.dir/home/whowhat/pico/pico-sdk/src/rp2_common/pico_float/float_init_rom.c.obj
 .ARM.attributes
                0x00000000000004de       0x22 CMakeFiles/picosyn.dir/home/whowhat/pico/pico-sdk/src/rp2_common/pico_float/float_v1_rom_shim.S.obj
 .ARM.attributes
                0x0000000000000500       0x22 CMakeFiles/picosyn.dir/home/whowhat/pico/pico-sdk/src/rp2_common/pico_mem_ops/mem_ops_aeabi.S.obj
 .ARM.attributes
                0x0000000000000522       0x22 CMakeFiles/picosyn.dir/home/whowhat/pico/pico-sdk/src/rp2_common/pico_standard_link/crt0.S.obj
 .ARM.attributes
                0x0000000000000544       0x32 CMakeFiles/picosyn.dir/home/whowhat/pico/pico-sdk/src/rp2_common/pico_standard_link/binary_info.c.obj
 .ARM.attributes
                0x0000000000000576       0x2c CMakeFiles/picosyn.dir/home/whowhat/pico/pico-sdk/src/rp2_common/pico_stdio/stdio.c.obj
 .ARM.attributes
                0x00000000000005a2       0x2c CMakeFiles/picosyn.dir/home/whowhat/pico/pico-sdk/src/rp2_common/pico_stdio_uart/stdio_uart.c.obj
 .ARM.attributes
                0x00000000000005ce       0x22 /tmp/ccNB6g3g.o
 .ARM.attributes
                0x00000000000005f0       0x1e /usr/lib/gcc/arm-none-eabi/9.2.1/thumb/v6-m/nofp/libgcc.a(_dvmd_tls.o)
 .ARM.attributes
                0x000000000000060e       0x2c /usr/lib/gcc/arm-none-eabi/9.2.1/../../../arm-none-eabi/lib/thumb/v6-m/nofp/libc.a(lib_a-strlen-stub.o)
 .ARM.attributes
                0x000000000000063a       0x2c /usr/lib/gcc/arm-none-eabi/9.2.1/thumb/v6-m/nofp/crtend.o

.comment        0x0000000000000000       0xa7
 .comment       0x0000000000000000       0x59 /usr/lib/gcc/arm-none-eabi/9.2.1/thumb/v6-m/nofp/crtbegin.o
                                         0x5a (size before relaxing)
 .comment       0x0000000000000059       0x5a CMakeFiles/picosyn.dir/src/picosyn.c.obj
 .comment       0x0000000000000059       0x5a CMakeFiles/picosyn.dir/home/whowhat/pico/pico-sdk/src/rp2_common/pico_stdlib/stdlib.c.obj
 .comment       0x0000000000000059       0x5a CMakeFiles/picosyn.dir/home/whowhat/pico/pico-sdk/src/rp2_common/hardware_gpio/gpio.c.obj
 .comment       0x0000000000000059       0x5a CMakeFiles/picosyn.dir/home/whowhat/pico/pico-sdk/src/rp2_common/pico_platform/platform.c.obj
 .comment       0x0000000000000059       0x5a CMakeFiles/picosyn.dir/home/whowhat/pico/pico-sdk/src/rp2_common/hardware_claim/claim.c.obj
 .comment       0x0000000000000059       0x5a CMakeFiles/picosyn.dir/home/whowhat/pico/pico-sdk/src/rp2_common/hardware_sync/sync.c.obj
 .comment       0x0000000000000059       0x5a CMakeFiles/picosyn.dir/home/whowhat/pico/pico-sdk/src/rp2_common/hardware_irq/irq.c.obj
 .comment       0x0000000000000059       0x5a CMakeFiles/picosyn.dir/home/whowhat/pico/pico-sdk/src/common/pico_sync/lock_core.c.obj
 .comment       0x0000000000000059       0x5a CMakeFiles/picosyn.dir/home/whowhat/pico/pico-sdk/src/common/pico_sync/mutex.c.obj
 .comment       0x0000000000000059       0x5a CMakeFiles/picosyn.dir/home/whowhat/pico/pico-sdk/src/common/pico_time/time.c.obj
 .comment       0x0000000000000059       0x5a CMakeFiles/picosyn.dir/home/whowhat/pico/pico-sdk/src/rp2_common/hardware_timer/timer.c.obj
 .comment       0x0000000000000059       0x5a CMakeFiles/picosyn.dir/home/whowhat/pico/pico-sdk/src/common/pico_util/pheap.c.obj
 .comment       0x0000000000000059       0x5a CMakeFiles/picosyn.dir/home/whowhat/pico/pico-sdk/src/rp2_common/hardware_uart/uart.c.obj
 .comment       0x0000000000000059       0x5a CMakeFiles/picosyn.dir/home/whowhat/pico/pico-sdk/src/rp2_common/hardware_clocks/clocks.c.obj
 .comment       0x0000000000000059       0x5a CMakeFiles/picosyn.dir/home/whowhat/pico/pico-sdk/src/rp2_common/hardware_pll/pll.c.obj
 .comment       0x0000000000000059       0x5a CMakeFiles/picosyn.dir/home/whowhat/pico/pico-sdk/src/rp2_common/hardware_watchdog/watchdog.c.obj
 .comment       0x0000000000000059       0x5a CMakeFiles/picosyn.dir/home/whowhat/pico/pico-sdk/src/rp2_common/hardware_xosc/xosc.c.obj
 .comment       0x0000000000000059       0x5a CMakeFiles/picosyn.dir/home/whowhat/pico/pico-sdk/src/rp2_common/pico_runtime/runtime.c.obj
 .comment       0x0000000000000059       0x5a CMakeFiles/picosyn.dir/home/whowhat/pico/pico-sdk/src/rp2_common/pico_printf/printf.c.obj
 .comment       0x0000000000000059       0x5a CMakeFiles/picosyn.dir/home/whowhat/pico/pico-sdk/src/rp2_common/pico_bootrom/bootrom.c.obj
 .comment       0x0000000000000059       0x5a CMakeFiles/picosyn.dir/home/whowhat/pico/pico-sdk/src/rp2_common/pico_double/double_init_rom.c.obj
 .comment       0x0000000000000059       0x5a CMakeFiles/picosyn.dir/home/whowhat/pico/pico-sdk/src/rp2_common/pico_float/float_init_rom.c.obj
 .comment       0x0000000000000059       0x5a CMakeFiles/picosyn.dir/home/whowhat/pico/pico-sdk/src/rp2_common/pico_standard_link/binary_info.c.obj
 .comment       0x0000000000000059       0x5a CMakeFiles/picosyn.dir/home/whowhat/pico/pico-sdk/src/rp2_common/pico_stdio/stdio.c.obj
 .comment       0x0000000000000059       0x5a CMakeFiles/picosyn.dir/home/whowhat/pico/pico-sdk/src/rp2_common/pico_stdio_uart/stdio_uart.c.obj
 .comment       0x0000000000000059       0x4e /usr/lib/gcc/arm-none-eabi/9.2.1/../../../arm-none-eabi/lib/thumb/v6-m/nofp/libc.a(lib_a-strlen-stub.o)
                                         0x4f (size before relaxing)
 .comment       0x00000000000000a7       0x5a /usr/lib/gcc/arm-none-eabi/9.2.1/thumb/v6-m/nofp/crtend.o

.debug_line     0x0000000000000000      0x222
 .debug_line    0x0000000000000000       0x60 /usr/lib/gcc/arm-none-eabi/9.2.1/thumb/v6-m/nofp/libgcc.a(_dvmd_tls.o)
 .debug_line    0x0000000000000060      0x1c2 /usr/lib/gcc/arm-none-eabi/9.2.1/../../../arm-none-eabi/lib/thumb/v6-m/nofp/libc.a(lib_a-strlen-stub.o)

.debug_info     0x0000000000000000      0x999
 .debug_info    0x0000000000000000       0x26 /usr/lib/gcc/arm-none-eabi/9.2.1/thumb/v6-m/nofp/libgcc.a(_dvmd_tls.o)
 .debug_info    0x0000000000000026      0x973 /usr/lib/gcc/arm-none-eabi/9.2.1/../../../arm-none-eabi/lib/thumb/v6-m/nofp/libc.a(lib_a-strlen-stub.o)

.debug_abbrev   0x0000000000000000      0x1fc
 .debug_abbrev  0x0000000000000000       0x14 /usr/lib/gcc/arm-none-eabi/9.2.1/thumb/v6-m/nofp/libgcc.a(_dvmd_tls.o)
 .debug_abbrev  0x0000000000000014      0x1e8 /usr/lib/gcc/arm-none-eabi/9.2.1/../../../arm-none-eabi/lib/thumb/v6-m/nofp/libc.a(lib_a-strlen-stub.o)

.debug_aranges  0x0000000000000000       0x40
 .debug_aranges
                0x0000000000000000       0x20 /usr/lib/gcc/arm-none-eabi/9.2.1/thumb/v6-m/nofp/libgcc.a(_dvmd_tls.o)
 .debug_aranges
                0x0000000000000020       0x20 /usr/lib/gcc/arm-none-eabi/9.2.1/../../../arm-none-eabi/lib/thumb/v6-m/nofp/libc.a(lib_a-strlen-stub.o)

.debug_str      0x0000000000000000      0x613
 .debug_str     0x0000000000000000       0xa3 /usr/lib/gcc/arm-none-eabi/9.2.1/thumb/v6-m/nofp/libgcc.a(_dvmd_tls.o)
 .debug_str     0x00000000000000a3      0x570 /usr/lib/gcc/arm-none-eabi/9.2.1/../../../arm-none-eabi/lib/thumb/v6-m/nofp/libc.a(lib_a-strlen-stub.o)
                                        0x5c2 (size before relaxing)

.debug_loc      0x0000000000000000       0xa3
 .debug_loc     0x0000000000000000       0xa3 /usr/lib/gcc/arm-none-eabi/9.2.1/../../../arm-none-eabi/lib/thumb/v6-m/nofp/libc.a(lib_a-strlen-stub.o)

.debug_frame    0x0000000000000000       0x28
 .debug_frame   0x0000000000000000       0x28 /usr/lib/gcc/arm-none-eabi/9.2.1/../../../arm-none-eabi/lib/thumb/v6-m/nofp/libc.a(lib_a-strlen-stub.o)
