Archive member included to satisfy reference by file (symbol)

/usr/lib/gcc/arm-none-eabi/9.2.1/thumb/v6-m/nofp/libgcc.a(_dvmd_tls.o)
                              CMakeFiles/picosyn.dir/home/whowhat/pico/pico-sdk/src/rp2_common/pico_divider/divider.S.obj (__aeabi_idiv0)
/usr/lib/gcc/arm-none-eabi/9.2.1/../../../arm-none-eabi/lib/thumb/v6-m/nofp/libg.a(lib_a-atexit.o)
                              /usr/lib/gcc/arm-none-eabi/9.2.1/../../../arm-none-eabi/lib/thumb/v6-m/nofp/crt0.o (atexit)
/usr/lib/gcc/arm-none-eabi/9.2.1/../../../arm-none-eabi/lib/thumb/v6-m/nofp/libg.a(lib_a-calloc.o)
                              CMakeFiles/picosyn.dir/home/whowhat/pico/pico-sdk/src/rp2_common/pico_malloc/pico_malloc.c.obj (calloc)
/usr/lib/gcc/arm-none-eabi/9.2.1/../../../arm-none-eabi/lib/thumb/v6-m/nofp/libg.a(lib_a-callocr.o)
                              /usr/lib/gcc/arm-none-eabi/9.2.1/../../../arm-none-eabi/lib/thumb/v6-m/nofp/libg.a(lib_a-calloc.o) (_calloc_r)
/usr/lib/gcc/arm-none-eabi/9.2.1/../../../arm-none-eabi/lib/thumb/v6-m/nofp/libg.a(lib_a-fini.o)
                              /usr/lib/gcc/arm-none-eabi/9.2.1/../../../arm-none-eabi/lib/thumb/v6-m/nofp/crt0.o (__libc_fini_array)
/usr/lib/gcc/arm-none-eabi/9.2.1/../../../arm-none-eabi/lib/thumb/v6-m/nofp/libg.a(lib_a-impure.o)
                              /usr/lib/gcc/arm-none-eabi/9.2.1/../../../arm-none-eabi/lib/thumb/v6-m/nofp/libg.a(lib_a-calloc.o) (_impure_ptr)
/usr/lib/gcc/arm-none-eabi/9.2.1/../../../arm-none-eabi/lib/thumb/v6-m/nofp/libg.a(lib_a-init.o)
                              /usr/lib/gcc/arm-none-eabi/9.2.1/../../../arm-none-eabi/lib/thumb/v6-m/nofp/crt0.o (__libc_init_array)
/usr/lib/gcc/arm-none-eabi/9.2.1/../../../arm-none-eabi/lib/thumb/v6-m/nofp/libg.a(lib_a-malloc.o)
                              CMakeFiles/picosyn.dir/home/whowhat/pico/pico-sdk/src/rp2_common/pico_malloc/pico_malloc.c.obj (malloc)
/usr/lib/gcc/arm-none-eabi/9.2.1/../../../arm-none-eabi/lib/thumb/v6-m/nofp/libg.a(lib_a-mallocr.o)
                              /usr/lib/gcc/arm-none-eabi/9.2.1/../../../arm-none-eabi/lib/thumb/v6-m/nofp/libg.a(lib_a-callocr.o) (_malloc_r)
/usr/lib/gcc/arm-none-eabi/9.2.1/../../../arm-none-eabi/lib/thumb/v6-m/nofp/libg.a(lib_a-mlock.o)
                              /usr/lib/gcc/arm-none-eabi/9.2.1/../../../arm-none-eabi/lib/thumb/v6-m/nofp/libg.a(lib_a-mallocr.o) (__malloc_lock)
/usr/lib/gcc/arm-none-eabi/9.2.1/../../../arm-none-eabi/lib/thumb/v6-m/nofp/libg.a(lib_a-realloc.o)
                              CMakeFiles/picosyn.dir/home/whowhat/pico/pico-sdk/src/rp2_common/pico_malloc/pico_malloc.c.obj (realloc)
/usr/lib/gcc/arm-none-eabi/9.2.1/../../../arm-none-eabi/lib/thumb/v6-m/nofp/libg.a(lib_a-reallocr.o)
                              /usr/lib/gcc/arm-none-eabi/9.2.1/../../../arm-none-eabi/lib/thumb/v6-m/nofp/libg.a(lib_a-realloc.o) (_realloc_r)
/usr/lib/gcc/arm-none-eabi/9.2.1/../../../arm-none-eabi/lib/thumb/v6-m/nofp/libg.a(lib_a-sbrkr.o)
                              /usr/lib/gcc/arm-none-eabi/9.2.1/../../../arm-none-eabi/lib/thumb/v6-m/nofp/libg.a(lib_a-mallocr.o) (_sbrk_r)
/usr/lib/gcc/arm-none-eabi/9.2.1/../../../arm-none-eabi/lib/thumb/v6-m/nofp/libg.a(lib_a-strlen-stub.o)
                              CMakeFiles/picosyn.dir/home/whowhat/pico/pico-sdk/src/rp2_common/pico_stdio/stdio.c.obj (strlen)
/usr/lib/gcc/arm-none-eabi/9.2.1/../../../arm-none-eabi/lib/thumb/v6-m/nofp/libg.a(lib_a-__atexit.o)
                              /usr/lib/gcc/arm-none-eabi/9.2.1/../../../arm-none-eabi/lib/thumb/v6-m/nofp/libg.a(lib_a-atexit.o) (__register_exitproc)
/usr/lib/gcc/arm-none-eabi/9.2.1/../../../arm-none-eabi/lib/thumb/v6-m/nofp/libg.a(lib_a-freer.o)
                              /usr/lib/gcc/arm-none-eabi/9.2.1/../../../arm-none-eabi/lib/thumb/v6-m/nofp/libg.a(lib_a-malloc.o) (_free_r)
/usr/lib/gcc/arm-none-eabi/9.2.1/../../../arm-none-eabi/lib/thumb/v6-m/nofp/libg.a(lib_a-memmove.o)
                              /usr/lib/gcc/arm-none-eabi/9.2.1/../../../arm-none-eabi/lib/thumb/v6-m/nofp/libg.a(lib_a-reallocr.o) (memmove)
/usr/lib/gcc/arm-none-eabi/9.2.1/../../../arm-none-eabi/lib/thumb/v6-m/nofp/libg.a(lib_a-reent.o)
                              /usr/lib/gcc/arm-none-eabi/9.2.1/../../../arm-none-eabi/lib/thumb/v6-m/nofp/libg.a(lib_a-sbrkr.o) (errno)

Allocating common symbols
Common symbol       size              file

sf_table            0x100             CMakeFiles/picosyn.dir/home/whowhat/pico/pico-sdk/src/rp2_common/pico_float/float_init_rom.c.obj
errno               0x4               /usr/lib/gcc/arm-none-eabi/9.2.1/../../../arm-none-eabi/lib/thumb/v6-m/nofp/libg.a(lib_a-reent.o)
_usbd_qdef_buf      0xc0              CMakeFiles/picosyn.dir/home/whowhat/pico/pico-sdk/lib/tinyusb/src/device/usbd.c.obj
sd_table            0x100             CMakeFiles/picosyn.dir/home/whowhat/pico/pico-sdk/src/rp2_common/pico_double/double_init_rom.c.obj
uart_char_to_line_feed
[...]
Memory Configuration

Name             Origin             Length             Attributes
FLASH            0x0000000010000000 0x0000000000200000 xr
RAM              0x0000000020000000 0x0000000000040000 xrw
SCRATCH_X        0x0000000020040000 0x0000000000001000 xrw
SCRATCH_Y        0x0000000020041000 0x0000000000001000 xrw
*default*        0x0000000000000000 0xffffffffffffffff

Linker script and memory map

LOAD /usr/lib/gcc/arm-none-eabi/9.2.1/thumb/v6-m/nofp/crti.o
LOAD /usr/lib/gcc/arm-none-eabi/9.2.1/thumb/v6-m/nofp/crtbegin.o
LOAD /usr/lib/gcc/arm-none-eabi/9.2.1/../../../arm-none-eabi/lib/thumb/v6-m/nofp/crt0.o

.flash_begin    0x0000000010000000        0x0
                0x0000000010000000                __flash_binary_start = .

.boot2          0x0000000010000000      0x100
                0x0000000010000000                __boot2_start__ = .
 *(.boot2)
 .boot2         0x0000000010000000      0x100 /tmp/ccfJhTTg.o
                0x0000000010000100                __boot2_end__ = .
                0x0000000000000001                ASSERT (((__boot2_end__ - __boot2_start__) == 0x100), ERROR: Pico second stage bootloader must be 256 bytes in size)

.text           0x0000000010000100     0x7408
                0x0000000010000100                __logical_binary_start = .
 *(.vectors)
 .vectors       0x0000000010000100       0xd4 CMakeFiles/picosyn.dir/home/whowhat/pico/pico-sdk/src/rp2_common/pico_standard_link/crt0.S.obj
                0x0000000010000100                __vectors
                0x0000000010000100                __VECTOR_TABLE
                0x00000000100001c0                isr_invalid
                0x00000000100001c0                __default_isrs_start
                0x00000000100001c2                isr_nmi
                0x00000000100001c4                isr_hardfault
                0x00000000100001c6                isr_svcall
                0x00000000100001c8                isr_pendsv
                0x00000000100001ca                isr_systick
                0x00000000100001cc                isr_irq30
                0x00000000100001cc                __unhandled_user_irq
                0x00000000100001cc                isr_irq13
                0x00000000100001cc                isr_irq27
                0x00000000100001cc                isr_irq31
                0x00000000100001cc                isr_irq5
                0x00000000100001cc                isr_irq11
                0x00000000100001cc                isr_irq23
                0x00000000100001cc                isr_irq18
                0x00000000100001cc                isr_irq28
                0x00000000100001cc                isr_irq19
                0x00000000100001cc                isr_irq0
                0x00000000100001cc                isr_irq6
                0x00000000100001cc                isr_irq22
                0x00000000100001cc                isr_irq17
                0x00000000100001cc                isr_irq14
                0x00000000100001cc                isr_irq2
                0x00000000100001cc                isr_irq10
                0x00000000100001cc                isr_irq8
                0x00000000100001cc                isr_irq24
                0x00000000100001cc                isr_irq1
                0x00000000100001cc                isr_irq7
                0x00000000100001cc                isr_irq21
                0x00000000100001cc                isr_irq20
                0x00000000100001cc                isr_irq15
                0x00000000100001cc                isr_irq25
                0x00000000100001cc                isr_irq4
                0x00000000100001cc                isr_irq16
                0x00000000100001cc                isr_irq29
                0x00000000100001cc                isr_irq26
                0x00000000100001cc                __default_isrs_end
                0x00000000100001cc                isr_irq3
                0x00000000100001cc                isr_irq12
                0x00000000100001cc                isr_irq9
                0x00000000100001d2                unhandled_user_irq_num_in_r0
 *(.binary_info_header)
 .binary_info_header
                0x00000000100001d4       0x14 CMakeFiles/picosyn.dir/home/whowhat/pico/pico-sdk/src/rp2_common/pico_standard_link/crt0.S.obj
                0x00000000100001e8                __binary_info_header_end = .
 *(.reset)
 .reset         0x00000000100001e8       0xa0 CMakeFiles/picosyn.dir/home/whowhat/pico/pico-sdk/src/rp2_common/pico_standard_link/crt0.S.obj
                0x00000000100001e8                _entry_point
 .reset         0x0000000010000288       0x30 CMakeFiles/picosyn.dir/home/whowhat/pico/pico-sdk/src/rp2_common/pico_standard_link/binary_info.c.obj
 *(.init)
 .init          0x00000000100002b8        0x4 /usr/lib/gcc/arm-none-eabi/9.2.1/thumb/v6-m/nofp/crti.o
                0x00000000100002b8                _init
 *(EXCLUDE_FILE(*libm.a: *libc.a:*lib_a-mem*.o *libgcc.a:) .text*)
 .text          0x00000000100002bc       0x98 /usr/lib/gcc/arm-none-eabi/9.2.1/thumb/v6-m/nofp/crtbegin.o
 .text.on_pwm_interrupt
                0x0000000010000354      0x11c CMakeFiles/picosyn.dir/src/picosyn.c.obj
                0x0000000010000354                on_pwm_interrupt
 .text.initialize_voice
                0x0000000010000470       0x10 CMakeFiles/picosyn.dir/src/picosyn.c.obj
                0x0000000010000470                initialize_voice
 .text.process_midi
                0x0000000010000480       0xe0 CMakeFiles/picosyn.dir/src/picosyn.c.obj
                0x0000000010000480                process_midi
 .text.main     0x0000000010000560       0xe4 CMakeFiles/picosyn.dir/src/picosyn.c.obj
                0x0000000010000560                main
 .text.set_sys_clock_pll
                0x0000000010000644       0x78 CMakeFiles/picosyn.dir/home/whowhat/pico/pico-sdk/src/rp2_common/pico_stdlib/stdlib.c.obj
                0x0000000010000644                set_sys_clock_pll
 .text.check_sys_clock_khz
                0x00000000100006bc       0xa4 CMakeFiles/picosyn.dir/home/whowhat/pico/pico-sdk/src/rp2_common/pico_stdlib/stdlib.c.obj
                0x00000000100006bc                check_sys_clock_khz
 .text.gpio_set_function
                0x0000000010000760       0x30 CMakeFiles/picosyn.dir/home/whowhat/pico/pico-sdk/src/rp2_common/hardware_gpio/gpio.c.obj
                0x0000000010000760                gpio_set_function
 .text.gpio_init
                0x0000000010000790       0x16 CMakeFiles/picosyn.dir/home/whowhat/pico/pico-sdk/src/rp2_common/hardware_gpio/gpio.c.obj
                0x0000000010000790                gpio_init
 *fill*         0x00000000100007a6        0x2 
 .text.running_on_fpga
                0x00000000100007a8       0x14 CMakeFiles/picosyn.dir/home/whowhat/pico/pico-sdk/src/rp2_common/pico_platform/platform.c.obj
                0x00000000100007a8                running_on_fpga
 .text.hw_claim_lock
                0x00000000100007bc       0x18 CMakeFiles/picosyn.dir/home/whowhat/pico/pico-sdk/src/rp2_common/hardware_claim/claim.c.obj
                0x00000000100007bc                hw_claim_lock
 .text.hw_claim_unlock
                0x00000000100007d4       0x14 CMakeFiles/picosyn.dir/home/whowhat/pico/pico-sdk/src/rp2_common/hardware_claim/claim.c.obj
                0x00000000100007d4                hw_claim_unlock
 .text.hw_claim_or_assert
                0x00000000100007e8       0x32 CMakeFiles/picosyn.dir/home/whowhat/pico/pico-sdk/src/rp2_common/hardware_claim/claim.c.obj
                0x00000000100007e8                hw_claim_or_assert
 .text.hw_claim_unused_from_range
                0x000000001000081a       0x50 CMakeFiles/picosyn.dir/home/whowhat/pico/pico-sdk/src/rp2_common/hardware_claim/claim.c.obj
                0x000000001000081a                hw_claim_unused_from_range
 *fill*         0x000000001000086a        0x2 
 .text.spin_locks_reset
                0x000000001000086c       0x20 CMakeFiles/picosyn.dir/home/whowhat/pico/pico-sdk/src/rp2_common/hardware_sync/sync.c.obj
                0x000000001000086c                spin_locks_reset
 .text.next_striped_spin_lock_num
                0x000000001000088c       0x1c CMakeFiles/picosyn.dir/home/whowhat/pico/pico-sdk/src/rp2_common/hardware_sync/sync.c.obj
                0x000000001000088c                next_striped_spin_lock_num
 .text.spin_lock_claim_unused
                0x00000000100008a8       0x20 CMakeFiles/picosyn.dir/home/whowhat/pico/pico-sdk/src/rp2_common/hardware_sync/sync.c.obj
                0x00000000100008a8                spin_lock_claim_unused
 .text.set_raw_irq_handler_and_unlock
                0x00000000100008c8       0x28 CMakeFiles/picosyn.dir/home/whowhat/pico/pico-sdk/src/rp2_common/hardware_irq/irq.c.obj
 .text.make_branch
                0x00000000100008f0       0x48 CMakeFiles/picosyn.dir/home/whowhat/pico/pico-sdk/src/rp2_common/hardware_irq/irq.c.obj
 .text.insert_branch_and_link
                0x0000000010000938       0x40 CMakeFiles/picosyn.dir/home/whowhat/pico/pico-sdk/src/rp2_common/hardware_irq/irq.c.obj
 .text.irq_is_enabled
                0x0000000010000978       0x18 CMakeFiles/picosyn.dir/home/whowhat/pico/pico-sdk/src/rp2_common/hardware_irq/irq.c.obj
                0x0000000010000978                irq_is_enabled
 .text.irq_set_mask_enabled
                0x0000000010000990       0x20 CMakeFiles/picosyn.dir/home/whowhat/pico/pico-sdk/src/rp2_common/hardware_irq/irq.c.obj
                0x0000000010000990                irq_set_mask_enabled
 .text.irq_set_enabled
                0x00000000100009b0        0xe CMakeFiles/picosyn.dir/home/whowhat/pico/pico-sdk/src/rp2_common/hardware_irq/irq.c.obj
                0x00000000100009b0                irq_set_enabled
 *fill*         0x00000000100009be        0x2 
 .text.irq_set_pending
                0x00000000100009c0       0x10 CMakeFiles/picosyn.dir/home/whowhat/pico/pico-sdk/src/rp2_common/hardware_irq/irq.c.obj
                0x00000000100009c0                irq_set_pending
 .text.irq_get_vtable_handler
                0x00000000100009d0       0x10 CMakeFiles/picosyn.dir/home/whowhat/pico/pico-sdk/src/rp2_common/hardware_irq/irq.c.obj
                0x00000000100009d0                irq_get_vtable_handler
 .text.irq_has_shared_handler
                0x00000000100009e0       0x24 CMakeFiles/picosyn.dir/home/whowhat/pico/pico-sdk/src/rp2_common/hardware_irq/irq.c.obj
                0x00000000100009e0                irq_has_shared_handler
 .text.irq_set_exclusive_handler
                0x0000000010000a04       0x54 CMakeFiles/picosyn.dir/home/whowhat/pico/pico-sdk/src/rp2_common/hardware_irq/irq.c.obj
                0x0000000010000a04                irq_set_exclusive_handler
 .text.irq_add_shared_handler
                0x0000000010000a58      0x234 CMakeFiles/picosyn.dir/home/whowhat/pico/pico-sdk/src/rp2_common/hardware_irq/irq.c.obj
                0x0000000010000a58                irq_add_shared_handler
 .text.irq_remove_handler
                0x0000000010000c8c      0x1ac CMakeFiles/picosyn.dir/home/whowhat/pico/pico-sdk/src/rp2_common/hardware_irq/irq.c.obj
                0x0000000010000c8c                irq_remove_handler
 .text.irq_add_tail_to_free_list
                0x0000000010000e38       0xf0 CMakeFiles/picosyn.dir/home/whowhat/pico/pico-sdk/src/rp2_common/hardware_irq/irq.c.obj
                0x0000000010000e38                irq_add_tail_to_free_list
 .text.irq_init_priorities
                0x0000000010000f28       0x1c CMakeFiles/picosyn.dir/home/whowhat/pico/pico-sdk/src/rp2_common/hardware_irq/irq.c.obj
                0x0000000010000f28                irq_init_priorities
 .text.user_irq_claim_unused
                0x0000000010000f44       0x28 CMakeFiles/picosyn.dir/home/whowhat/pico/pico-sdk/src/rp2_common/hardware_irq/irq.c.obj
                0x0000000010000f44                user_irq_claim_unused
 .text.lock_init
                0x0000000010000f6c       0x10 CMakeFiles/picosyn.dir/home/whowhat/pico/pico-sdk/src/common/pico_sync/lock_core.c.obj
                0x0000000010000f6c                lock_init
 .text.mutex_init
                0x0000000010000f7c       0x1a CMakeFiles/picosyn.dir/home/whowhat/pico/pico-sdk/src/common/pico_sync/mutex.c.obj
                0x0000000010000f7c                mutex_init
 .text.recursive_mutex_init
                0x0000000010000f96       0x1e CMakeFiles/picosyn.dir/home/whowhat/pico/pico-sdk/src/common/pico_sync/mutex.c.obj
                0x0000000010000f96                recursive_mutex_init
 .text.critical_section_init_with_lock_num
                0x0000000010000fb4       0x14 CMakeFiles/picosyn.dir/home/whowhat/pico/pico-sdk/src/common/pico_sync/critical_section.c.obj
                0x0000000010000fb4                critical_section_init_with_lock_num
 .text.critical_section_init
                0x0000000010000fc8       0x14 CMakeFiles/picosyn.dir/home/whowhat/pico/pico-sdk/src/common/pico_sync/critical_section.c.obj
                0x0000000010000fc8                critical_section_init
 .text.alarm_pool_post_alloc_init
                0x0000000010000fdc       0x40 CMakeFiles/picosyn.dir/home/whowhat/pico/pico-sdk/src/common/pico_time/time.c.obj
 .text.sleep_until_callback
                0x000000001000101c       0x30 CMakeFiles/picosyn.dir/home/whowhat/pico/pico-sdk/src/common/pico_time/time.c.obj
 .text.timer_pool_entry_comparator
                0x000000001000104c       0x7c CMakeFiles/picosyn.dir/home/whowhat/pico/pico-sdk/src/common/pico_time/time.c.obj
                0x000000001000104c                timer_pool_entry_comparator
 .text.ph_add_child_node
                0x00000000100010c8       0xa4 CMakeFiles/picosyn.dir/home/whowhat/pico/pico-sdk/src/common/pico_time/time.c.obj
 .text.ph_merge_nodes
                0x000000001000116c       0x3e CMakeFiles/picosyn.dir/home/whowhat/pico/pico-sdk/src/common/pico_time/time.c.obj
 *fill*         0x00000000100011aa        0x2 
 .text.add_alarm_under_lock
                0x00000000100011ac      0x174 CMakeFiles/picosyn.dir/home/whowhat/pico/pico-sdk/src/common/pico_time/time.c.obj
 .text.alarm_pool_alarm_callback
                0x0000000010001320      0x33c CMakeFiles/picosyn.dir/home/whowhat/pico/pico-sdk/src/common/pico_time/time.c.obj
 .text.alarm_pool_init_default
                0x000000001000165c       0x40 CMakeFiles/picosyn.dir/home/whowhat/pico/pico-sdk/src/common/pico_time/time.c.obj
                0x000000001000165c                alarm_pool_init_default
 .text.alarm_pool_get_default
                0x000000001000169c       0x2c CMakeFiles/picosyn.dir/home/whowhat/pico/pico-sdk/src/common/pico_time/time.c.obj
                0x000000001000169c                alarm_pool_get_default
 .text.alarm_pool_add_alarm_at
                0x00000000100016c8      0x168 CMakeFiles/picosyn.dir/home/whowhat/pico/pico-sdk/src/common/pico_time/time.c.obj
                0x00000000100016c8                alarm_pool_add_alarm_at
 .text.alarm_pool_cancel_alarm
                0x0000000010001830       0xf8 CMakeFiles/picosyn.dir/home/whowhat/pico/pico-sdk/src/common/pico_time/time.c.obj
                0x0000000010001830                alarm_pool_cancel_alarm
 .text.alarm_pool_core_num
                0x0000000010001928        0x4 CMakeFiles/picosyn.dir/home/whowhat/pico/pico-sdk/src/common/pico_time/time.c.obj
                0x0000000010001928                alarm_pool_core_num
 .text.best_effort_wfe_or_timeout
                0x000000001000192c       0xac CMakeFiles/picosyn.dir/home/whowhat/pico/pico-sdk/src/common/pico_time/time.c.obj
                0x000000001000192c                best_effort_wfe_or_timeout
 .text.hardware_alarm_irq_handler
                0x00000000100019d8       0x90 CMakeFiles/picosyn.dir/home/whowhat/pico/pico-sdk/src/rp2_common/hardware_timer/timer.c.obj
 .text.hardware_alarm_claim
                0x0000000010001a68       0x18 CMakeFiles/picosyn.dir/home/whowhat/pico/pico-sdk/src/rp2_common/hardware_timer/timer.c.obj
                0x0000000010001a68                hardware_alarm_claim
 .text.time_us_64
                0x0000000010001a80       0x18 CMakeFiles/picosyn.dir/home/whowhat/pico/pico-sdk/src/rp2_common/hardware_timer/timer.c.obj
                0x0000000010001a80                time_us_64
 .text.busy_wait_until
                0x0000000010001a98       0x24 CMakeFiles/picosyn.dir/home/whowhat/pico/pico-sdk/src/rp2_common/hardware_timer/timer.c.obj
                0x0000000010001a98                busy_wait_until
 .text.busy_wait_us
                0x0000000010001abc       0x48 CMakeFiles/picosyn.dir/home/whowhat/pico/pico-sdk/src/rp2_common/hardware_timer/timer.c.obj
                0x0000000010001abc                busy_wait_us
 .text.hardware_alarm_set_callback
                0x0000000010001b04       0x90 CMakeFiles/picosyn.dir/home/whowhat/pico/pico-sdk/src/rp2_common/hardware_timer/timer.c.obj
                0x0000000010001b04                hardware_alarm_set_callback
 .text.hardware_alarm_set_target
                0x0000000010001b94       0xe8 CMakeFiles/picosyn.dir/home/whowhat/pico/pico-sdk/src/rp2_common/hardware_timer/timer.c.obj
                0x0000000010001b94                hardware_alarm_set_target
 .text.hardware_alarm_cancel
                0x0000000010001c7c       0x40 CMakeFiles/picosyn.dir/home/whowhat/pico/pico-sdk/src/rp2_common/hardware_timer/timer.c.obj
                0x0000000010001c7c                hardware_alarm_cancel
 .text.ph_add_child_node
                0x0000000010001cbc       0xa4 CMakeFiles/picosyn.dir/home/whowhat/pico/pico-sdk/src/common/pico_util/pheap.c.obj
 .text.ph_merge_nodes
                0x0000000010001d60       0x3e CMakeFiles/picosyn.dir/home/whowhat/pico/pico-sdk/src/common/pico_util/pheap.c.obj
 *fill*         0x0000000010001d9e        0x2 
 .text.ph_clear
                0x0000000010001da0       0x70 CMakeFiles/picosyn.dir/home/whowhat/pico/pico-sdk/src/common/pico_util/pheap.c.obj
                0x0000000010001da0                ph_clear
 .text.ph_post_alloc_init
                0x0000000010001e10        0xe CMakeFiles/picosyn.dir/home/whowhat/pico/pico-sdk/src/common/pico_util/pheap.c.obj
                0x0000000010001e10                ph_post_alloc_init
 *fill*         0x0000000010001e1e        0x2 
 .text.ph_merge_two_pass
                0x0000000010001e20       0xa8 CMakeFiles/picosyn.dir/home/whowhat/pico/pico-sdk/src/common/pico_util/pheap.c.obj
                0x0000000010001e20                ph_merge_two_pass
 .text.ph_remove_any_head
                0x0000000010001ec8      0x128 CMakeFiles/picosyn.dir/home/whowhat/pico/pico-sdk/src/common/pico_util/pheap.c.obj
 .text.ph_remove_head
                0x0000000010001ff0       0x14 CMakeFiles/picosyn.dir/home/whowhat/pico/pico-sdk/src/common/pico_util/pheap.c.obj
                0x0000000010001ff0                ph_remove_head
 .text.ph_remove_and_free_node
                0x0000000010002004       0xf8 CMakeFiles/picosyn.dir/home/whowhat/pico/pico-sdk/src/common/pico_util/pheap.c.obj
                0x0000000010002004                ph_remove_and_free_node
 .text.uart_disable_before_lcr_write
                0x00000000100020fc       0x48 CMakeFiles/picosyn.dir/home/whowhat/pico/pico-sdk/src/rp2_common/hardware_uart/uart.c.obj
 .text.uart_write_lcr_bits_masked
                0x0000000010002144       0x22 CMakeFiles/picosyn.dir/home/whowhat/pico/pico-sdk/src/rp2_common/hardware_uart/uart.c.obj
 *fill*         0x0000000010002166        0x2 
 .text.uart_set_baudrate
                0x0000000010002168       0x5c CMakeFiles/picosyn.dir/home/whowhat/pico/pico-sdk/src/rp2_common/hardware_uart/uart.c.obj
                0x0000000010002168                uart_set_baudrate
 .text.uart_set_format
                0x00000000100021c4       0x2c CMakeFiles/picosyn.dir/home/whowhat/pico/pico-sdk/src/rp2_common/hardware_uart/uart.c.obj
                0x00000000100021c4                uart_set_format
 .text.uart_set_fifo_enabled
                0x00000000100021f0       0x10 CMakeFiles/picosyn.dir/home/whowhat/pico/pico-sdk/src/rp2_common/hardware_uart/uart.c.obj
                0x00000000100021f0                uart_set_fifo_enabled
 .text.uart_set_translate_crlf
                0x0000000010002200       0x28 CMakeFiles/picosyn.dir/home/whowhat/pico/pico-sdk/src/rp2_common/hardware_uart/uart.c.obj
                0x0000000010002200                uart_set_translate_crlf
 .text.uart_init
                0x0000000010002228       0x80 CMakeFiles/picosyn.dir/home/whowhat/pico/pico-sdk/src/rp2_common/hardware_uart/uart.c.obj
                0x0000000010002228                uart_init
 .text.clock_configure
                0x00000000100022a8      0x108 CMakeFiles/picosyn.dir/home/whowhat/pico/pico-sdk/src/rp2_common/hardware_clocks/clocks.c.obj
                0x00000000100022a8                clock_configure
 .text.clocks_init
                0x00000000100023b0      0x100 CMakeFiles/picosyn.dir/home/whowhat/pico/pico-sdk/src/rp2_common/hardware_clocks/clocks.c.obj
                0x00000000100023b0                clocks_init
 .text.clock_get_hz
                0x00000000100024b0        0xc CMakeFiles/picosyn.dir/home/whowhat/pico/pico-sdk/src/rp2_common/hardware_clocks/clocks.c.obj
                0x00000000100024b0                clock_get_hz
 .text.pll_init
                0x00000000100024bc      0x124 CMakeFiles/picosyn.dir/home/whowhat/pico/pico-sdk/src/rp2_common/hardware_pll/pll.c.obj
                0x00000000100024bc                pll_init
 .text.watchdog_start_tick
                0x00000000100025e0       0x10 CMakeFiles/picosyn.dir/home/whowhat/pico/pico-sdk/src/rp2_common/hardware_watchdog/watchdog.c.obj
                0x00000000100025e0                watchdog_start_tick
 .text.watchdog_update
                0x00000000100025f0       0x14 CMakeFiles/picosyn.dir/home/whowhat/pico/pico-sdk/src/rp2_common/hardware_watchdog/watchdog.c.obj
                0x00000000100025f0                watchdog_update
 .text._watchdog_enable
                0x0000000010002604       0x78 CMakeFiles/picosyn.dir/home/whowhat/pico/pico-sdk/src/rp2_common/hardware_watchdog/watchdog.c.obj
                0x0000000010002604                _watchdog_enable
 .text.watchdog_reboot
                0x000000001000267c       0x48 CMakeFiles/picosyn.dir/home/whowhat/pico/pico-sdk/src/rp2_common/hardware_watchdog/watchdog.c.obj
                0x000000001000267c                watchdog_reboot
 .text.xosc_init
                0x00000000100026c4       0x28 CMakeFiles/picosyn.dir/home/whowhat/pico/pico-sdk/src/rp2_common/hardware_xosc/xosc.c.obj
                0x00000000100026c4                xosc_init
 .text._exit    0x00000000100026ec        0x4 CMakeFiles/picosyn.dir/home/whowhat/pico/pico-sdk/src/rp2_common/pico_runtime/runtime.c.obj
                0x00000000100026ec                _exit
 .text.exit     0x00000000100026f0        0x6 CMakeFiles/picosyn.dir/home/whowhat/pico/pico-sdk/src/rp2_common/pico_runtime/runtime.c.obj
                0x00000000100026f0                exit
 *fill*         0x00000000100026f6        0x2 
 .text.__assert_func
                0x00000000100026f8       0x3c CMakeFiles/picosyn.dir/home/whowhat/pico/pico-sdk/src/rp2_common/pico_runtime/runtime.c.obj
                0x00000000100026f8                __assert_func
 .text.runtime_init
                0x0000000010002734       0xf8 CMakeFiles/picosyn.dir/home/whowhat/pico/pico-sdk/src/rp2_common/pico_runtime/runtime.c.obj
                0x0000000010002734                runtime_init
 .text.panic    0x000000001000282c       0x30 CMakeFiles/picosyn.dir/home/whowhat/pico/pico-sdk/src/rp2_common/pico_runtime/runtime.c.obj
                0x000000001000282c                panic
 .text._out_null
                0x000000001000285c        0x2 CMakeFiles/picosyn.dir/home/whowhat/pico/pico-sdk/src/rp2_common/pico_printf/printf.c.obj
 .text._out_fct
                0x000000001000285e        0xe CMakeFiles/picosyn.dir/home/whowhat/pico/pico-sdk/src/rp2_common/pico_printf/printf.c.obj
 .text._atoi    0x000000001000286c       0x24 CMakeFiles/picosyn.dir/home/whowhat/pico/pico-sdk/src/rp2_common/pico_printf/printf.c.obj
 .text._out_rev
                0x0000000010002890       0xae CMakeFiles/picosyn.dir/home/whowhat/pico/pico-sdk/src/rp2_common/pico_printf/printf.c.obj
 .text._ntoa_format
                0x000000001000293e      0x110 CMakeFiles/picosyn.dir/home/whowhat/pico/pico-sdk/src/rp2_common/pico_printf/printf.c.obj
 .text._ntoa_long
                0x0000000010002a4e       0xbc CMakeFiles/picosyn.dir/home/whowhat/pico/pico-sdk/src/rp2_common/pico_printf/printf.c.obj
 .text._ntoa_long_long
                0x0000000010002b0a       0xe2 CMakeFiles/picosyn.dir/home/whowhat/pico/pico-sdk/src/rp2_common/pico_printf/printf.c.obj
 .text._etoa    0x0000000010002bec      0x40c CMakeFiles/picosyn.dir/home/whowhat/pico/pico-sdk/src/rp2_common/pico_printf/printf.c.obj
 .text._ftoa    0x0000000010002ff8      0x354 CMakeFiles/picosyn.dir/home/whowhat/pico/pico-sdk/src/rp2_common/pico_printf/printf.c.obj
 .text._vsnprintf
                0x000000001000334c      0x628 CMakeFiles/picosyn.dir/home/whowhat/pico/pico-sdk/src/rp2_common/pico_printf/printf.c.obj
 .text.vfctprintf
                0x0000000010003974       0x20 CMakeFiles/picosyn.dir/home/whowhat/pico/pico-sdk/src/rp2_common/pico_printf/printf.c.obj
                0x0000000010003974                vfctprintf
 .text          0x0000000010003994       0x10 CMakeFiles/picosyn.dir/home/whowhat/pico/pico-sdk/src/rp2_common/pico_bit_ops/bit_ops_aeabi.S.obj
 .text.rom_func_lookup
                0x00000000100039a4       0x10 CMakeFiles/picosyn.dir/home/whowhat/pico/pico-sdk/src/rp2_common/pico_bootrom/bootrom.c.obj
                0x00000000100039a4                rom_func_lookup
 .text.rom_data_lookup
                0x00000000100039b4       0x10 CMakeFiles/picosyn.dir/home/whowhat/pico/pico-sdk/src/rp2_common/pico_bootrom/bootrom.c.obj
                0x00000000100039b4                rom_data_lookup
 .text.rom_funcs_lookup
                0x00000000100039c4       0x36 CMakeFiles/picosyn.dir/home/whowhat/pico/pico-sdk/src/rp2_common/pico_bootrom/bootrom.c.obj
                0x00000000100039c4                rom_funcs_lookup
 *fill*         0x00000000100039fa        0x2 
 .text.__wrap___aeabi_idiv
                0x00000000100039fc       0x50 CMakeFiles/picosyn.dir/home/whowhat/pico/pico-sdk/src/rp2_common/pico_divider/divider.S.obj
                0x00000000100039fc                __wrap___aeabi_idivmod
                0x00000000100039fc                divmod_s32s32
                0x00000000100039fc                div_s32s32
                0x00000000100039fc                __wrap___aeabi_idiv
                0x0000000010003a04                divmod_s32s32_unsafe
                0x0000000010003a30                divmod_s32s32_savestate
 .text.__wrap___aeabi_uidiv
                0x0000000010003a4c       0x4c CMakeFiles/picosyn.dir/home/whowhat/pico/pico-sdk/src/rp2_common/pico_divider/divider.S.obj
                0x0000000010003a4c                __wrap___aeabi_uidiv
                0x0000000010003a4c                __wrap___aeabi_uidivmod
                0x0000000010003a4c                div_u32u32
                0x0000000010003a4c                divmod_u32u32
                0x0000000010003a54                divmod_u32u32_unsafe
                0x0000000010003a7c                divmod_u32u32_savestate
 .text.__wrap___aeabi_ldiv
                0x0000000010003a98      0x424 CMakeFiles/picosyn.dir/home/whowhat/pico/pico-sdk/src/rp2_common/pico_divider/divider.S.obj
                0x0000000010003a98                div_s64s64
                0x0000000010003a98                divmod_s64s64
                0x0000000010003a98                __wrap___aeabi_ldivmod
                0x0000000010003ac8                div_u64u64
                0x0000000010003ac8                divmod_u64u64
                0x0000000010003ac8                __wrap___aeabi_uldivmod
                0x0000000010003ad8                divmod_u64u64_savestate
                0x0000000010003af8                divmod_s64s64_unsafe
                0x0000000010003b80                divmod_u64u64_unsafe
 .text.__wrap___aeabi_darithmetic
                0x0000000010003ebc       0x80 CMakeFiles/picosyn.dir/home/whowhat/pico/pico-sdk/src/rp2_common/pico_double/double_aeabi.S.obj
                0x0000000010003ebc                __wrap___aeabi_drsub
                0x0000000010003ec2                __wrap___aeabi_dsub
                0x0000000010003ed4                __wrap___aeabi_dadd
                0x0000000010003ee6                __wrap___aeabi_ddiv
                0x0000000010003f22                __wrap___aeabi_dmul
 .text.__wrap___aeabi_cdcmple
                0x0000000010003f3c       0x6c CMakeFiles/picosyn.dir/home/whowhat/pico/pico-sdk/src/rp2_common/pico_double/double_aeabi.S.obj
                0x0000000010003f3c                __wrap___aeabi_cdrcmple
                0x0000000010003f4c                __wrap___aeabi_cdcmple
                0x0000000010003f4c                __wrap___aeabi_cdcmpeq
 .text.__wrap___aeabi_dcmplt
                0x0000000010003fa8        0xc CMakeFiles/picosyn.dir/home/whowhat/pico/pico-sdk/src/rp2_common/pico_double/double_aeabi.S.obj
                0x0000000010003fa8                __wrap___aeabi_dcmplt
 .text.__wrap___aeabi_dcmple
                0x0000000010003fb4       0x10 CMakeFiles/picosyn.dir/home/whowhat/pico/pico-sdk/src/rp2_common/pico_double/double_aeabi.S.obj
                0x0000000010003fb4                __wrap___aeabi_dcmple
 .text.__wrap___aeabi_dcmpge
                0x0000000010003fc4       0x10 CMakeFiles/picosyn.dir/home/whowhat/pico/pico-sdk/src/rp2_common/pico_double/double_aeabi.S.obj
                0x0000000010003fc4                __wrap___aeabi_dcmpge
 .text.__wrap___aeabi_dcmpgt
                0x0000000010003fd4        0xa CMakeFiles/picosyn.dir/home/whowhat/pico/pico-sdk/src/rp2_common/pico_double/double_aeabi.S.obj
                0x0000000010003fd4                __wrap___aeabi_dcmpgt
 .text.__wrap___aeabi_dcmpun
                0x0000000010003fde       0x1c CMakeFiles/picosyn.dir/home/whowhat/pico/pico-sdk/src/rp2_common/pico_double/double_aeabi.S.obj
                0x0000000010003fde                __wrap___aeabi_dcmpun
 *fill*         0x0000000010003ffa        0x2 
 .text.__wrap___aeabi_i2d
                0x0000000010003ffc       0x38 CMakeFiles/picosyn.dir/home/whowhat/pico/pico-sdk/src/rp2_common/pico_double/double_aeabi.S.obj
                0x0000000010003ffc                __wrap___aeabi_ui2d
                0x0000000010004004                __wrap___aeabi_i2d
 .text.__wrap___aeabi_d2iz
                0x0000000010004034       0x48 CMakeFiles/picosyn.dir/home/whowhat/pico/pico-sdk/src/rp2_common/pico_double/double_aeabi.S.obj
                0x0000000010004034                __wrap___aeabi_d2iz
                0x0000000010004034                double2int_z
 .text.__wrap___aeabi_d2uiz
                0x000000001000407c       0x18 CMakeFiles/picosyn.dir/home/whowhat/pico/pico-sdk/src/rp2_common/pico_double/double_aeabi.S.obj
                0x000000001000407c                double2uint
                0x000000001000407c                __wrap___aeabi_d2uiz
 .text.__aeabi_double_init
                0x0000000010004094       0xc8 CMakeFiles/picosyn.dir/home/whowhat/pico/pico-sdk/src/rp2_common/pico_double/double_init_rom.c.obj
                0x0000000010004094                __aeabi_double_init
 .text.double_table_shim_on_use_helper
                0x000000001000415c       0x34 CMakeFiles/picosyn.dir/home/whowhat/pico/pico-sdk/src/rp2_common/pico_double/double_v1_rom_shim.S.obj
                0x000000001000415c                double_table_shim_on_use_helper
 .text.__wrap___aeabi_dsub
                0x0000000010004190       0x10 CMakeFiles/picosyn.dir/home/whowhat/pico/pico-sdk/src/rp2_common/pico_double/double_v1_rom_shim.S.obj
                0x0000000010004190                drsub_shim
                0x0000000010004196                dsub_shim
 .text.dadd_shim
                0x00000000100041a0      0x15c CMakeFiles/picosyn.dir/home/whowhat/pico/pico-sdk/src/rp2_common/pico_double/double_v1_rom_shim.S.obj
                0x00000000100041a0                dadd_shim
 .text.dmul_shim
                0x00000000100042fc      0x15c CMakeFiles/picosyn.dir/home/whowhat/pico/pico-sdk/src/rp2_common/pico_double/double_v1_rom_shim.S.obj
                0x00000000100042fc                dmul_shim
 .text.ddiv_shim
                0x0000000010004458      0x1b0 CMakeFiles/picosyn.dir/home/whowhat/pico/pico-sdk/src/rp2_common/pico_double/double_v1_rom_shim.S.obj
                0x0000000010004458                ddiv_shim
 .text.double2uint_shim
                0x0000000010004608        0xe CMakeFiles/picosyn.dir/home/whowhat/pico/pico-sdk/src/rp2_common/pico_double/double_v1_rom_shim.S.obj
                0x0000000010004608                double2uint_shim
                0x000000001000460a                double2ufix_shim
 *fill*         0x0000000010004616        0x2 
 .text.double2uint64_shim
                0x0000000010004618       0x70 CMakeFiles/picosyn.dir/home/whowhat/pico/pico-sdk/src/rp2_common/pico_double/double_v1_rom_shim.S.obj
                0x0000000010004618                double2uint64_shim
                0x000000001000461a                double2ufix64_shim
                0x000000001000463a                d2fix_a
 .text.dunpacks
                0x0000000010004688       0x3c CMakeFiles/picosyn.dir/home/whowhat/pico/pico-sdk/src/rp2_common/pico_double/double_v1_rom_shim.S.obj
                0x0000000010004688                dunpacks
 .text.__aeabi_lmul
                0x00000000100046c4       0x32 CMakeFiles/picosyn.dir/home/whowhat/pico/pico-sdk/src/rp2_common/pico_int64_ops/pico_int64_ops_aeabi.S.obj
                0x00000000100046c4                __wrap___aeabi_lmul
 *fill*         0x00000000100046f6        0x2 
 .text.__wrap___aeabi_farithmetic
                0x00000000100046f8       0x58 CMakeFiles/picosyn.dir/home/whowhat/pico/pico-sdk/src/rp2_common/pico_float/float_aeabi.S.obj
                0x00000000100046f8                __wrap___aeabi_frsub
                0x00000000100046fe                __wrap___aeabi_fsub
                0x0000000010004708                __wrap___aeabi_fadd
                0x0000000010004712                __wrap___aeabi_fdiv
                0x000000001000473e                __wrap___aeabi_fmul
 .text.__wrap___aeabi_i2f
                0x0000000010004750       0x44 CMakeFiles/picosyn.dir/home/whowhat/pico/pico-sdk/src/rp2_common/pico_float/float_aeabi.S.obj
                0x0000000010004750                __wrap___aeabi_i2f
 .text.__wrap___aeabi_f2uiz
                0x0000000010004794       0x10 CMakeFiles/picosyn.dir/home/whowhat/pico/pico-sdk/src/rp2_common/pico_float/float_aeabi.S.obj
                0x0000000010004794                __wrap___aeabi_f2uiz
 .text.__aeabi_float_init
                0x00000000100047a4       0xfc CMakeFiles/picosyn.dir/home/whowhat/pico/pico-sdk/src/rp2_common/pico_float/float_init_rom.c.obj
                0x00000000100047a4                __aeabi_float_init
 .text.float_table_shim_on_use_helper
                0x00000000100048a0       0x34 CMakeFiles/picosyn.dir/home/whowhat/pico/pico-sdk/src/rp2_common/pico_float/float_v1_rom_shim.S.obj
                0x00000000100048a0                float_table_shim_on_use_helper
 .text          0x00000000100048d4       0x10 CMakeFiles/picosyn.dir/home/whowhat/pico/pico-sdk/src/rp2_common/pico_mem_ops/mem_ops_aeabi.S.obj
                0x00000000100048d4                __aeabi_mem_init
 .text.memset   0x00000000100048e4        0xc CMakeFiles/picosyn.dir/home/whowhat/pico/pico-sdk/src/rp2_common/pico_mem_ops/mem_ops_aeabi.S.obj
                0x00000000100048e4                __wrap_memset
 .text.memcpy   0x00000000100048f0        0xc CMakeFiles/picosyn.dir/home/whowhat/pico/pico-sdk/src/rp2_common/pico_mem_ops/mem_ops_aeabi.S.obj
                0x00000000100048f0                __wrap___aeabi_memcpy
                0x00000000100048f0                __wrap_memcpy
 .text.stdio_out_chars_no_crlf
                0x00000000100048fc        0xe CMakeFiles/picosyn.dir/home/whowhat/pico/pico-sdk/src/rp2_common/pico_stdio/stdio.c.obj
 *fill*         0x000000001000490a        0x2 
 .text.stdio_out_chars_crlf
                0x000000001000490c       0x80 CMakeFiles/picosyn.dir/home/whowhat/pico/pico-sdk/src/rp2_common/pico_stdio/stdio.c.obj
 .text.stdio_stack_buffer_flush
                0x000000001000498c       0x44 CMakeFiles/picosyn.dir/home/whowhat/pico/pico-sdk/src/rp2_common/pico_stdio/stdio.c.obj
 .text.stdio_buffered_printer
                0x00000000100049d0       0x20 CMakeFiles/picosyn.dir/home/whowhat/pico/pico-sdk/src/rp2_common/pico_stdio/stdio.c.obj
 .text.stdout_serialize_begin
                0x00000000100049f0       0x5c CMakeFiles/picosyn.dir/home/whowhat/pico/pico-sdk/src/rp2_common/pico_stdio/stdio.c.obj
                0x00000000100049f0                stdout_serialize_begin
 .text.stdout_serialize_end
                0x0000000010004a4c       0x10 CMakeFiles/picosyn.dir/home/whowhat/pico/pico-sdk/src/rp2_common/pico_stdio/stdio.c.obj
                0x0000000010004a4c                stdout_serialize_end
 .text.stdio_put_string
                0x0000000010004a5c       0x98 CMakeFiles/picosyn.dir/home/whowhat/pico/pico-sdk/src/rp2_common/pico_stdio/stdio.c.obj
 .text.stdio_set_driver_enabled
                0x0000000010004af4       0x2c CMakeFiles/picosyn.dir/home/whowhat/pico/pico-sdk/src/rp2_common/pico_stdio/stdio.c.obj
                0x0000000010004af4                stdio_set_driver_enabled
 .text.stdio_flush
                0x0000000010004b20       0x20 CMakeFiles/picosyn.dir/home/whowhat/pico/pico-sdk/src/rp2_common/pico_stdio/stdio.c.obj
                0x0000000010004b20                stdio_flush
 .text.__wrap_puts
                0x0000000010004b40       0x1e CMakeFiles/picosyn.dir/home/whowhat/pico/pico-sdk/src/rp2_common/pico_stdio/stdio.c.obj
                0x0000000010004b40                __wrap_puts
 *fill*         0x0000000010004b5e        0x2 
 .text.__wrap_vprintf
                0x0000000010004b60       0x40 CMakeFiles/picosyn.dir/home/whowhat/pico/pico-sdk/src/rp2_common/pico_stdio/stdio.c.obj
                0x0000000010004b60                __wrap_vprintf
 .text.__wrap_printf
                0x0000000010004ba0       0x18 CMakeFiles/picosyn.dir/home/whowhat/pico/pico-sdk/src/rp2_common/pico_stdio/stdio.c.obj
                0x0000000010004ba0                __wrap_printf
 .text.stdio_init_all
                0x0000000010004bb8        0xe CMakeFiles/picosyn.dir/home/whowhat/pico/pico-sdk/src/rp2_common/pico_stdio/stdio.c.obj
                0x0000000010004bb8                stdio_init_all
 *fill*         0x0000000010004bc6        0x2 
 .text.stdio_uart_out_chars
                0x0000000010004bc8       0x74 CMakeFiles/picosyn.dir/home/whowhat/pico/pico-sdk/src/rp2_common/pico_stdio_uart/stdio_uart.c.obj
 .text.stdio_uart_in_chars
                0x0000000010004c3c       0x7c CMakeFiles/picosyn.dir/home/whowhat/pico/pico-sdk/src/rp2_common/pico_stdio_uart/stdio_uart.c.obj
                0x0000000010004c3c                stdio_uart_in_chars
 .text.on_uart_rx
                0x0000000010004cb8       0x28 CMakeFiles/picosyn.dir/home/whowhat/pico/pico-sdk/src/rp2_common/pico_stdio_uart/stdio_uart.c.obj
 .text.stdio_uart_set_chars_available_callback
                0x0000000010004ce0       0x8c CMakeFiles/picosyn.dir/home/whowhat/pico/pico-sdk/src/rp2_common/pico_stdio_uart/stdio_uart.c.obj
 .text.stdio_uart_init_full
                0x0000000010004d6c       0x44 CMakeFiles/picosyn.dir/home/whowhat/pico/pico-sdk/src/rp2_common/pico_stdio_uart/stdio_uart.c.obj
                0x0000000010004d6c                stdio_uart_init_full
 .text.stdio_uart_init
                0x0000000010004db0       0x28 CMakeFiles/picosyn.dir/home/whowhat/pico/pico-sdk/src/rp2_common/pico_stdio_uart/stdio_uart.c.obj
                0x0000000010004db0                stdio_uart_init
 .text.resetd_init
                0x0000000010004dd8        0x2 CMakeFiles/picosyn.dir/home/whowhat/pico/pico-sdk/src/rp2_common/pico_stdio_usb/reset_interface.c.obj
 *fill*         0x0000000010004dda        0x2 
 .text.resetd_reset
                0x0000000010004ddc        0xc CMakeFiles/picosyn.dir/home/whowhat/pico/pico-sdk/src/rp2_common/pico_stdio_usb/reset_interface.c.obj
 .text.resetd_open
                0x0000000010004de8       0x34 CMakeFiles/picosyn.dir/home/whowhat/pico/pico-sdk/src/rp2_common/pico_stdio_usb/reset_interface.c.obj
 .text.resetd_xfer_cb
                0x0000000010004e1c        0x4 CMakeFiles/picosyn.dir/home/whowhat/pico/pico-sdk/src/rp2_common/pico_stdio_usb/reset_interface.c.obj
 .text.resetd_control_xfer_cb
                0x0000000010004e20       0x6c CMakeFiles/picosyn.dir/home/whowhat/pico/pico-sdk/src/rp2_common/pico_stdio_usb/reset_interface.c.obj
 .text.usbd_app_driver_get_cb
                0x0000000010004e8c        0xc CMakeFiles/picosyn.dir/home/whowhat/pico/pico-sdk/src/rp2_common/pico_stdio_usb/reset_interface.c.obj
                0x0000000010004e8c                usbd_app_driver_get_cb
 .text.tud_cdc_line_coding_cb
                0x0000000010004e98       0x34 CMakeFiles/picosyn.dir/home/whowhat/pico/pico-sdk/src/rp2_common/pico_stdio_usb/reset_interface.c.obj
                0x0000000010004e98                tud_cdc_line_coding_cb
 .text.stdio_usb_set_chars_available_callback
                0x0000000010004ecc       0x14 CMakeFiles/picosyn.dir/home/whowhat/pico/pico-sdk/src/rp2_common/pico_stdio_usb/stdio_usb.c.obj
                0x0000000010004ecc                stdio_usb_set_chars_available_callback
 .text.usb_irq  0x0000000010004ee0       0x10 CMakeFiles/picosyn.dir/home/whowhat/pico/pico-sdk/src/rp2_common/pico_stdio_usb/stdio_usb.c.obj
 .text.timer_task
                0x0000000010004ef0       0x58 CMakeFiles/picosyn.dir/home/whowhat/pico/pico-sdk/src/rp2_common/pico_stdio_usb/stdio_usb.c.obj
 .text.low_priority_worker_irq
                0x0000000010004f48       0xd8 CMakeFiles/picosyn.dir/home/whowhat/pico/pico-sdk/src/rp2_common/pico_stdio_usb/stdio_usb.c.obj
 .text.tud_cdc_rx_cb
                0x0000000010005020       0x20 CMakeFiles/picosyn.dir/home/whowhat/pico/pico-sdk/src/rp2_common/pico_stdio_usb/stdio_usb.c.obj
                0x0000000010005020                tud_cdc_rx_cb
 .text.stdio_usb_init
                0x0000000010005040      0x11c CMakeFiles/picosyn.dir/home/whowhat/pico/pico-sdk/src/rp2_common/pico_stdio_usb/stdio_usb.c.obj
                0x0000000010005040                stdio_usb_init
 .text.stdio_usb_connected
                0x000000001000515c        0xa CMakeFiles/picosyn.dir/home/whowhat/pico/pico-sdk/src/rp2_common/pico_stdio_usb/stdio_usb.c.obj
                0x000000001000515c                stdio_usb_connected
 *fill*         0x0000000010005166        0x2 
 .text.stdio_usb_in_chars
                0x0000000010005168       0xc4 CMakeFiles/picosyn.dir/home/whowhat/pico/pico-sdk/src/rp2_common/pico_stdio_usb/stdio_usb.c.obj
                0x0000000010005168                stdio_usb_in_chars
 .text.stdio_usb_out_chars
                0x000000001000522c      0x114 CMakeFiles/picosyn.dir/home/whowhat/pico/pico-sdk/src/rp2_common/pico_stdio_usb/stdio_usb.c.obj
 .text.tud_descriptor_device_cb
                0x0000000010005340        0x8 CMakeFiles/picosyn.dir/home/whowhat/pico/pico-sdk/src/rp2_common/pico_stdio_usb/stdio_usb_descriptors.c.obj
                0x0000000010005340                tud_descriptor_device_cb
 .text.tud_descriptor_configuration_cb
                0x0000000010005348        0x8 CMakeFiles/picosyn.dir/home/whowhat/pico/pico-sdk/src/rp2_common/pico_stdio_usb/stdio_usb_descriptors.c.obj
                0x0000000010005348                tud_descriptor_configuration_cb
 .text.tud_descriptor_string_cb
                0x0000000010005350       0x6c CMakeFiles/picosyn.dir/home/whowhat/pico/pico-sdk/src/rp2_common/pico_stdio_usb/stdio_usb_descriptors.c.obj
                0x0000000010005350                tud_descriptor_string_cb
 .text._retrieve_unique_id_on_boot
                0x00000000100053bc       0x10 CMakeFiles/picosyn.dir/home/whowhat/pico/pico-sdk/src/rp2_common/pico_unique_id/unique_id.c.obj
 .text.pico_get_unique_board_id_string
                0x00000000100053cc       0x60 CMakeFiles/picosyn.dir/home/whowhat/pico/pico-sdk/src/rp2_common/pico_unique_id/unique_id.c.obj
                0x00000000100053cc                pico_get_unique_board_id_string
 .text.flash_get_unique_id
                0x000000001000542c       0x46 CMakeFiles/picosyn.dir/home/whowhat/pico/pico-sdk/src/rp2_common/hardware_flash/flash.c.obj
                0x000000001000542c                flash_get_unique_id
 *fill*         0x0000000010005472        0x2 
 .text.hw_endpoint_get_by_addr
                0x0000000010005474       0x18 CMakeFiles/picosyn.dir/home/whowhat/pico/pico-sdk/lib/tinyusb/src/portable/raspberrypi/rp2040/dcd_rp2040.c.obj
 .text._hw_endpoint_alloc
                0x000000001000548c       0x70 CMakeFiles/picosyn.dir/home/whowhat/pico/pico-sdk/lib/tinyusb/src/portable/raspberrypi/rp2040/dcd_rp2040.c.obj
 .text.hw_endpoint_init
                0x00000000100054fc       0x88 CMakeFiles/picosyn.dir/home/whowhat/pico/pico-sdk/lib/tinyusb/src/portable/raspberrypi/rp2040/dcd_rp2040.c.obj
 .text.hw_endpoint_xfer
                0x0000000010005584       0x14 CMakeFiles/picosyn.dir/home/whowhat/pico/pico-sdk/lib/tinyusb/src/portable/raspberrypi/rp2040/dcd_rp2040.c.obj
 .text.dcd_int_enable
                0x0000000010005598       0x2c CMakeFiles/picosyn.dir/home/whowhat/pico/pico-sdk/lib/tinyusb/src/portable/raspberrypi/rp2040/dcd_rp2040.c.obj
                0x0000000010005598                dcd_int_enable
 .text.dcd_set_address
                0x00000000100055c4       0x2c CMakeFiles/picosyn.dir/home/whowhat/pico/pico-sdk/lib/tinyusb/src/portable/raspberrypi/rp2040/dcd_rp2040.c.obj
                0x00000000100055c4                dcd_set_address
 .text.dcd_connect
                0x00000000100055f0       0x10 CMakeFiles/picosyn.dir/home/whowhat/pico/pico-sdk/lib/tinyusb/src/portable/raspberrypi/rp2040/dcd_rp2040.c.obj
                0x00000000100055f0                dcd_connect
 .text.dcd_init
                0x0000000010005600       0x80 CMakeFiles/picosyn.dir/home/whowhat/pico/pico-sdk/lib/tinyusb/src/portable/raspberrypi/rp2040/dcd_rp2040.c.obj
                0x0000000010005600                dcd_init
 .text.dcd_edpt0_status_complete
                0x0000000010005680       0x1c CMakeFiles/picosyn.dir/home/whowhat/pico/pico-sdk/lib/tinyusb/src/portable/raspberrypi/rp2040/dcd_rp2040.c.obj
                0x0000000010005680                dcd_edpt0_status_complete
 .text.dcd_edpt_open
                0x000000001000569c       0x40 CMakeFiles/picosyn.dir/home/whowhat/pico/pico-sdk/lib/tinyusb/src/portable/raspberrypi/rp2040/dcd_rp2040.c.obj
                0x000000001000569c                dcd_edpt_open
 .text.dcd_edpt_close_all
                0x00000000100056dc        0x8 CMakeFiles/picosyn.dir/home/whowhat/pico/pico-sdk/lib/tinyusb/src/portable/raspberrypi/rp2040/dcd_rp2040.c.obj
                0x00000000100056dc                dcd_edpt_close_all
 .text.dcd_edpt_xfer
                0x00000000100056e4       0x34 CMakeFiles/picosyn.dir/home/whowhat/pico/pico-sdk/lib/tinyusb/src/portable/raspberrypi/rp2040/dcd_rp2040.c.obj
                0x00000000100056e4                dcd_edpt_xfer
 .text.dcd_edpt_stall
                0x0000000010005718       0x2c CMakeFiles/picosyn.dir/home/whowhat/pico/pico-sdk/lib/tinyusb/src/portable/raspberrypi/rp2040/dcd_rp2040.c.obj
                0x0000000010005718                dcd_edpt_stall
 .text.dcd_edpt_clear_stall
                0x0000000010005744       0x20 CMakeFiles/picosyn.dir/home/whowhat/pico/pico-sdk/lib/tinyusb/src/portable/raspberrypi/rp2040/dcd_rp2040.c.obj
                0x0000000010005744                dcd_edpt_clear_stall
 .text.rp2040_usb_init
                0x0000000010005764       0x4c CMakeFiles/picosyn.dir/home/whowhat/pico/pico-sdk/lib/tinyusb/src/portable/raspberrypi/rp2040/rp2040_usb.c.obj
                0x0000000010005764                rp2040_usb_init
 .text.hw_endpoint_xfer_start
                0x00000000100057b0       0x50 CMakeFiles/picosyn.dir/home/whowhat/pico/pico-sdk/lib/tinyusb/src/portable/raspberrypi/rp2040/rp2040_usb.c.obj
                0x00000000100057b0                hw_endpoint_xfer_start
 .text.configuration_reset
                0x0000000010005800       0x84 CMakeFiles/picosyn.dir/home/whowhat/pico/pico-sdk/lib/tinyusb/src/device/usbd.c.obj
 .text.usbd_reset
                0x0000000010005884        0xc CMakeFiles/picosyn.dir/home/whowhat/pico/pico-sdk/lib/tinyusb/src/device/usbd.c.obj
 .text.invoke_class_control
                0x0000000010005890       0x1a CMakeFiles/picosyn.dir/home/whowhat/pico/pico-sdk/lib/tinyusb/src/device/usbd.c.obj
 *fill*         0x00000000100058aa        0x2 
 .text.process_set_config
                0x00000000100058ac      0x174 CMakeFiles/picosyn.dir/home/whowhat/pico/pico-sdk/lib/tinyusb/src/device/usbd.c.obj
 .text.process_get_descriptor
                0x0000000010005a20       0xdc CMakeFiles/picosyn.dir/home/whowhat/pico/pico-sdk/lib/tinyusb/src/device/usbd.c.obj
 .text.tud_mounted
                0x0000000010005afc       0x10 CMakeFiles/picosyn.dir/home/whowhat/pico/pico-sdk/lib/tinyusb/src/device/usbd.c.obj
                0x0000000010005afc                tud_mounted
 .text.tud_suspended
                0x0000000010005b0c       0x10 CMakeFiles/picosyn.dir/home/whowhat/pico/pico-sdk/lib/tinyusb/src/device/usbd.c.obj
                0x0000000010005b0c                tud_suspended
 .text.tud_inited
                0x0000000010005b1c       0x14 CMakeFiles/picosyn.dir/home/whowhat/pico/pico-sdk/lib/tinyusb/src/device/usbd.c.obj
                0x0000000010005b1c                tud_inited
 .text.tud_init
                0x0000000010005b30       0xcc CMakeFiles/picosyn.dir/home/whowhat/pico/pico-sdk/lib/tinyusb/src/device/usbd.c.obj
                0x0000000010005b30                tud_init
 .text.usbd_defer_func
                0x0000000010005bfc       0x1e CMakeFiles/picosyn.dir/home/whowhat/pico/pico-sdk/lib/tinyusb/src/device/usbd.c.obj
                0x0000000010005bfc                usbd_defer_func
 *fill*         0x0000000010005c1a        0x2 
 .text.usbd_edpt_open
                0x0000000010005c1c       0x34 CMakeFiles/picosyn.dir/home/whowhat/pico/pico-sdk/lib/tinyusb/src/device/usbd.c.obj
                0x0000000010005c1c                usbd_edpt_open
 .text.usbd_open_edpt_pair
                0x0000000010005c50       0x62 CMakeFiles/picosyn.dir/home/whowhat/pico/pico-sdk/lib/tinyusb/src/device/usbd.c.obj
                0x0000000010005c50                usbd_open_edpt_pair
 *fill*         0x0000000010005cb2        0x2 
 .text.usbd_edpt_claim
                0x0000000010005cb4       0x28 CMakeFiles/picosyn.dir/home/whowhat/pico/pico-sdk/lib/tinyusb/src/device/usbd.c.obj
                0x0000000010005cb4                usbd_edpt_claim
 .text.usbd_edpt_release
                0x0000000010005cdc       0x28 CMakeFiles/picosyn.dir/home/whowhat/pico/pico-sdk/lib/tinyusb/src/device/usbd.c.obj
                0x0000000010005cdc                usbd_edpt_release
 .text.usbd_edpt_xfer
                0x0000000010005d04       0x78 CMakeFiles/picosyn.dir/home/whowhat/pico/pico-sdk/lib/tinyusb/src/device/usbd.c.obj
                0x0000000010005d04                usbd_edpt_xfer
 .text.usbd_edpt_stall
                0x0000000010005d7c       0x48 CMakeFiles/picosyn.dir/home/whowhat/pico/pico-sdk/lib/tinyusb/src/device/usbd.c.obj
                0x0000000010005d7c                usbd_edpt_stall
 .text.usbd_edpt_clear_stall
                0x0000000010005dc4       0x48 CMakeFiles/picosyn.dir/home/whowhat/pico/pico-sdk/lib/tinyusb/src/device/usbd.c.obj
                0x0000000010005dc4                usbd_edpt_clear_stall
 .text.usbd_edpt_stalled
                0x0000000010005e0c       0x1c CMakeFiles/picosyn.dir/home/whowhat/pico/pico-sdk/lib/tinyusb/src/device/usbd.c.obj
                0x0000000010005e0c                usbd_edpt_stalled
 .text.process_control_request
                0x0000000010005e28      0x37c CMakeFiles/picosyn.dir/home/whowhat/pico/pico-sdk/lib/tinyusb/src/device/usbd.c.obj
 .text.tud_task_ext
                0x00000000100061a4      0x1b4 CMakeFiles/picosyn.dir/home/whowhat/pico/pico-sdk/lib/tinyusb/src/device/usbd.c.obj
                0x00000000100061a4                tud_task_ext
 .text._data_stage_xact
                0x0000000010006358       0x58 CMakeFiles/picosyn.dir/home/whowhat/pico/pico-sdk/lib/tinyusb/src/device/usbd_control.c.obj
 .text.tud_control_status
                0x00000000100063b0       0x38 CMakeFiles/picosyn.dir/home/whowhat/pico/pico-sdk/lib/tinyusb/src/device/usbd_control.c.obj
                0x00000000100063b0                tud_control_status
 .text.tud_control_xfer
                0x00000000100063e8       0x74 CMakeFiles/picosyn.dir/home/whowhat/pico/pico-sdk/lib/tinyusb/src/device/usbd_control.c.obj
                0x00000000100063e8                tud_control_xfer
 .text.usbd_control_reset
                0x000000001000645c       0x14 CMakeFiles/picosyn.dir/home/whowhat/pico/pico-sdk/lib/tinyusb/src/device/usbd_control.c.obj
                0x000000001000645c                usbd_control_reset
 .text.usbd_control_set_complete_callback
                0x0000000010006470        0xc CMakeFiles/picosyn.dir/home/whowhat/pico/pico-sdk/lib/tinyusb/src/device/usbd_control.c.obj
                0x0000000010006470                usbd_control_set_complete_callback
 .text.usbd_control_set_request
                0x000000001000647c       0x1c CMakeFiles/picosyn.dir/home/whowhat/pico/pico-sdk/lib/tinyusb/src/device/usbd_control.c.obj
                0x000000001000647c                usbd_control_set_request
 .text.usbd_control_xfer_cb
                0x0000000010006498       0xcc CMakeFiles/picosyn.dir/home/whowhat/pico/pico-sdk/lib/tinyusb/src/device/usbd_control.c.obj
                0x0000000010006498                usbd_control_xfer_cb
 .text._prep_out_transaction
                0x0000000010006564       0x4a CMakeFiles/picosyn.dir/home/whowhat/pico/pico-sdk/lib/tinyusb/src/class/cdc/cdc_device.c.obj
 *fill*         0x00000000100065ae        0x2 
 .text.tud_cdc_n_connected
                0x00000000100065b0       0x44 CMakeFiles/picosyn.dir/home/whowhat/pico/pico-sdk/lib/tinyusb/src/class/cdc/cdc_device.c.obj
                0x00000000100065b0                tud_cdc_n_connected
 .text.tud_cdc_n_available
                0x00000000100065f4       0x18 CMakeFiles/picosyn.dir/home/whowhat/pico/pico-sdk/lib/tinyusb/src/class/cdc/cdc_device.c.obj
                0x00000000100065f4                tud_cdc_n_available
 .text.tud_cdc_n_read
                0x000000001000660c       0x28 CMakeFiles/picosyn.dir/home/whowhat/pico/pico-sdk/lib/tinyusb/src/class/cdc/cdc_device.c.obj
                0x000000001000660c                tud_cdc_n_read
 .text.tud_cdc_n_write_flush
                0x0000000010006634       0xb8 CMakeFiles/picosyn.dir/home/whowhat/pico/pico-sdk/lib/tinyusb/src/class/cdc/cdc_device.c.obj
                0x0000000010006634                tud_cdc_n_write_flush
 .text.tud_cdc_n_write
                0x00000000100066ec       0x38 CMakeFiles/picosyn.dir/home/whowhat/pico/pico-sdk/lib/tinyusb/src/class/cdc/cdc_device.c.obj
                0x00000000100066ec                tud_cdc_n_write
 .text.tud_cdc_n_write_available
                0x0000000010006724       0x1c CMakeFiles/picosyn.dir/home/whowhat/pico/pico-sdk/lib/tinyusb/src/class/cdc/cdc_device.c.obj
                0x0000000010006724                tud_cdc_n_write_available
 .text.cdcd_init
                0x0000000010006740       0xbc CMakeFiles/picosyn.dir/home/whowhat/pico/pico-sdk/lib/tinyusb/src/class/cdc/cdc_device.c.obj
                0x0000000010006740                cdcd_init
 .text.cdcd_reset
                0x00000000100067fc       0x44 CMakeFiles/picosyn.dir/home/whowhat/pico/pico-sdk/lib/tinyusb/src/class/cdc/cdc_device.c.obj
                0x00000000100067fc                cdcd_reset
 .text.cdcd_open
                0x0000000010006840       0xcc CMakeFiles/picosyn.dir/home/whowhat/pico/pico-sdk/lib/tinyusb/src/class/cdc/cdc_device.c.obj
                0x0000000010006840                cdcd_open
 .text.cdcd_control_xfer_cb
                0x000000001000690c      0x134 CMakeFiles/picosyn.dir/home/whowhat/pico/pico-sdk/lib/tinyusb/src/class/cdc/cdc_device.c.obj
                0x000000001000690c                cdcd_control_xfer_cb
 .text.cdcd_xfer_cb
                0x0000000010006a40      0x130 CMakeFiles/picosyn.dir/home/whowhat/pico/pico-sdk/lib/tinyusb/src/class/cdc/cdc_device.c.obj
                0x0000000010006a40                cdcd_xfer_cb
 .text.tusb_init
                0x0000000010006b70        0xa CMakeFiles/picosyn.dir/home/whowhat/pico/pico-sdk/lib/tinyusb/src/tusb.c.obj
                0x0000000010006b70                tusb_init
 .text.tusb_inited
                0x0000000010006b7a        0xe CMakeFiles/picosyn.dir/home/whowhat/pico/pico-sdk/lib/tinyusb/src/tusb.c.obj
                0x0000000010006b7a                tusb_inited
 .text.tu_edpt_claim
                0x0000000010006b88       0x50 CMakeFiles/picosyn.dir/home/whowhat/pico/pico-sdk/lib/tinyusb/src/tusb.c.obj
                0x0000000010006b88                tu_edpt_claim
 .text.tu_edpt_release
                0x0000000010006bd8       0x3c CMakeFiles/picosyn.dir/home/whowhat/pico/pico-sdk/lib/tinyusb/src/tusb.c.obj
                0x0000000010006bd8                tu_edpt_release
 .text.tu_edpt_validate
                0x0000000010006c14       0x78 CMakeFiles/picosyn.dir/home/whowhat/pico/pico-sdk/lib/tinyusb/src/tusb.c.obj
                0x0000000010006c14                tu_edpt_validate
 .text.tu_edpt_bind_driver
                0x0000000010006c8c       0x26 CMakeFiles/picosyn.dir/home/whowhat/pico/pico-sdk/lib/tinyusb/src/tusb.c.obj
                0x0000000010006c8c                tu_edpt_bind_driver
 .text.advance_index
                0x0000000010006cb2       0x1a CMakeFiles/picosyn.dir/home/whowhat/pico/pico-sdk/lib/tinyusb/src/common/tusb_fifo.c.obj
 .text._tu_fifo_peek
                0x0000000010006ccc       0x56 CMakeFiles/picosyn.dir/home/whowhat/pico/pico-sdk/lib/tinyusb/src/common/tusb_fifo.c.obj
 .text._ff_pull_const_addr
                0x0000000010006d22       0x4c CMakeFiles/picosyn.dir/home/whowhat/pico/pico-sdk/lib/tinyusb/src/common/tusb_fifo.c.obj
 .text._ff_pull_n
                0x0000000010006d6e      0x110 CMakeFiles/picosyn.dir/home/whowhat/pico/pico-sdk/lib/tinyusb/src/common/tusb_fifo.c.obj
 .text._tu_fifo_peek_n
                0x0000000010006e7e       0x6a CMakeFiles/picosyn.dir/home/whowhat/pico/pico-sdk/lib/tinyusb/src/common/tusb_fifo.c.obj
 .text._tu_fifo_read_n
                0x0000000010006ee8       0x4e CMakeFiles/picosyn.dir/home/whowhat/pico/pico-sdk/lib/tinyusb/src/common/tusb_fifo.c.obj
 .text._ff_push_const_addr
                0x0000000010006f36       0x40 CMakeFiles/picosyn.dir/home/whowhat/pico/pico-sdk/lib/tinyusb/src/common/tusb_fifo.c.obj
 .text._ff_push_n
                0x0000000010006f76      0x10a CMakeFiles/picosyn.dir/home/whowhat/pico/pico-sdk/lib/tinyusb/src/common/tusb_fifo.c.obj
 .text._tu_fifo_write_n
                0x0000000010007080       0xf0 CMakeFiles/picosyn.dir/home/whowhat/pico/pico-sdk/lib/tinyusb/src/common/tusb_fifo.c.obj
 .text.tu_fifo_config
                0x0000000010007170       0x7e CMakeFiles/picosyn.dir/home/whowhat/pico/pico-sdk/lib/tinyusb/src/common/tusb_fifo.c.obj
                0x0000000010007170                tu_fifo_config
 .text.tu_fifo_count
                0x00000000100071ee       0x2a CMakeFiles/picosyn.dir/home/whowhat/pico/pico-sdk/lib/tinyusb/src/common/tusb_fifo.c.obj
                0x00000000100071ee                tu_fifo_count
 .text.tu_fifo_empty
                0x0000000010007218        0xe CMakeFiles/picosyn.dir/home/whowhat/pico/pico-sdk/lib/tinyusb/src/common/tusb_fifo.c.obj
                0x0000000010007218                tu_fifo_empty
 .text.tu_fifo_full
                0x0000000010007226       0x28 CMakeFiles/picosyn.dir/home/whowhat/pico/pico-sdk/lib/tinyusb/src/common/tusb_fifo.c.obj
                0x0000000010007226                tu_fifo_full
 .text.tu_fifo_remaining
                0x000000001000724e       0x2c CMakeFiles/picosyn.dir/home/whowhat/pico/pico-sdk/lib/tinyusb/src/common/tusb_fifo.c.obj
                0x000000001000724e                tu_fifo_remaining
 .text.tu_fifo_read
                0x000000001000727a       0x42 CMakeFiles/picosyn.dir/home/whowhat/pico/pico-sdk/lib/tinyusb/src/common/tusb_fifo.c.obj
                0x000000001000727a                tu_fifo_read
 .text.tu_fifo_read_n
                0x00000000100072bc        0xa CMakeFiles/picosyn.dir/home/whowhat/pico/pico-sdk/lib/tinyusb/src/common/tusb_fifo.c.obj
                0x00000000100072bc                tu_fifo_read_n
 .text.tu_fifo_write
                0x00000000100072c6       0x64 CMakeFiles/picosyn.dir/home/whowhat/pico/pico-sdk/lib/tinyusb/src/common/tusb_fifo.c.obj
                0x00000000100072c6                tu_fifo_write
 .text.tu_fifo_write_n
                0x000000001000732a        0xa CMakeFiles/picosyn.dir/home/whowhat/pico/pico-sdk/lib/tinyusb/src/common/tusb_fifo.c.obj
                0x000000001000732a                tu_fifo_write_n
 .text.tu_fifo_clear
                0x0000000010007334       0x3e CMakeFiles/picosyn.dir/home/whowhat/pico/pico-sdk/lib/tinyusb/src/common/tusb_fifo.c.obj
                0x0000000010007334                tu_fifo_clear
 .text.tu_fifo_set_overwritable
                0x0000000010007372       0x46 CMakeFiles/picosyn.dir/home/whowhat/pico/pico-sdk/lib/tinyusb/src/common/tusb_fifo.c.obj
                0x0000000010007372                tu_fifo_set_overwritable
 .text          0x00000000100073b8       0x68 /usr/lib/gcc/arm-none-eabi/9.2.1/../../../arm-none-eabi/lib/thumb/v6-m/nofp/libg.a(lib_a-strlen-stub.o)
                0x00000000100073b8                strlen
 *(.fini)
 .fini          0x0000000010007420        0x4 /usr/lib/gcc/arm-none-eabi/9.2.1/thumb/v6-m/nofp/crti.o
                0x0000000010007420                _fini
 *fill*         0x0000000010007424        0x4 
 .fini.__stub   0x0000000010007428       0xe0 linker stubs
 *crtbegin.o(.ctors)
 *crtbegin?.o(.ctors)
 *(EXCLUDE_FILE(*crtend.o *crtend?.o) .ctors)
 *(SORT_BY_NAME(.ctors.*))
 *(.ctors)
 *crtbegin.o(.dtors)
 *crtbegin?.o(.dtors)
 *(EXCLUDE_FILE(*crtend.o *crtend?.o) .dtors)
 *(SORT_BY_NAME(.dtors.*))
 *(.dtors)
 *(.eh_frame*)
 .eh_frame      0x0000000010007508        0x0 /usr/lib/gcc/arm-none-eabi/9.2.1/thumb/v6-m/nofp/crtbegin.o
                0x0000000010007508                . = ALIGN (0x4)

.glue_7         0x0000000010007508        0x0
 .glue_7        0x0000000010007508        0x0 linker stubs

.glue_7t        0x0000000010007508        0x0
 .glue_7t       0x0000000010007508        0x0 linker stubs

.vfp11_veneer   0x0000000010007508        0x0
 .vfp11_veneer  0x0000000010007508        0x0 linker stubs

.v4_bx          0x0000000010007508        0x0
 .v4_bx         0x0000000010007508        0x0 linker stubs

.iplt           0x0000000010007508        0x0
 .iplt          0x0000000010007508        0x0 /usr/lib/gcc/arm-none-eabi/9.2.1/thumb/v6-m/nofp/crtbegin.o

.rodata         0x0000000010007508     0x15ac
 *(EXCLUDE_FILE(*libm.a: *libc.a:*lib_a-mem*.o *libgcc.a:) .rodata*)
 .rodata.main.str1.4
                0x0000000010007508       0x32 CMakeFiles/picosyn.dir/src/picosyn.c.obj
 *fill*         0x000000001000753a        0x2 
 .rodata.spin_lock_claim_unused.str1.4
                0x000000001000753c       0x1b CMakeFiles/picosyn.dir/home/whowhat/pico/pico-sdk/src/rp2_common/hardware_sync/sync.c.obj
 *fill*         0x0000000010007557        0x1 
 .rodata.make_branch.str1.4
                0x0000000010007558       0x6e CMakeFiles/picosyn.dir/home/whowhat/pico/pico-sdk/src/rp2_common/hardware_irq/irq.c.obj
 *fill*         0x00000000100075c6        0x2 
 .rodata.insert_branch_and_link.str1.4
                0x00000000100075c8       0x10 CMakeFiles/picosyn.dir/home/whowhat/pico/pico-sdk/src/rp2_common/hardware_irq/irq.c.obj
 .rodata.irq_set_exclusive_handler.str1.4
                0x00000000100075d8       0x36 CMakeFiles/picosyn.dir/home/whowhat/pico/pico-sdk/src/rp2_common/hardware_irq/irq.c.obj
 *fill*         0x000000001000760e        0x2 
 .rodata.irq_add_shared_handler.str1.4
                0x0000000010007610       0xd9 CMakeFiles/picosyn.dir/home/whowhat/pico/pico-sdk/src/rp2_common/hardware_irq/irq.c.obj
 *fill*         0x00000000100076e9        0x3 
 .rodata.irq_remove_handler.str1.4
                0x00000000100076ec       0x3a CMakeFiles/picosyn.dir/home/whowhat/pico/pico-sdk/src/rp2_common/hardware_irq/irq.c.obj
 *fill*         0x0000000010007726        0x2 
 .rodata.irq_add_tail_to_free_list.str1.4
                0x0000000010007728       0x3a CMakeFiles/picosyn.dir/home/whowhat/pico/pico-sdk/src/rp2_common/hardware_irq/irq.c.obj
 *fill*         0x0000000010007762        0x2 
 .rodata.user_irq_claim_unused.str1.4
                0x0000000010007764       0x1b CMakeFiles/picosyn.dir/home/whowhat/pico/pico-sdk/src/rp2_common/hardware_irq/irq.c.obj
 *fill*         0x000000001000777f        0x1 
 .rodata.__func__.4809
                0x0000000010007780       0x1a CMakeFiles/picosyn.dir/home/whowhat/pico/pico-sdk/src/rp2_common/hardware_irq/irq.c.obj
 *fill*         0x000000001000779a        0x2 
 .rodata.__func__.4823
                0x000000001000779c        0xc CMakeFiles/picosyn.dir/home/whowhat/pico/pico-sdk/src/rp2_common/hardware_irq/irq.c.obj
 .rodata.__func__.4831
                0x00000000100077a8       0x17 CMakeFiles/picosyn.dir/home/whowhat/pico/pico-sdk/src/rp2_common/hardware_irq/irq.c.obj
 *fill*         0x00000000100077bf        0x1 
 .rodata.__func__.4835
                0x00000000100077c0        0xf CMakeFiles/picosyn.dir/home/whowhat/pico/pico-sdk/src/rp2_common/hardware_irq/irq.c.obj
 *fill*         0x00000000100077cf        0x1 
 .rodata.__func__.4852
                0x00000000100077d0       0x17 CMakeFiles/picosyn.dir/home/whowhat/pico/pico-sdk/src/rp2_common/hardware_irq/irq.c.obj
 *fill*         0x00000000100077e7        0x1 
 .rodata.__func__.4874
                0x00000000100077e8       0x13 CMakeFiles/picosyn.dir/home/whowhat/pico/pico-sdk/src/rp2_common/hardware_irq/irq.c.obj
 *fill*         0x00000000100077fb        0x1 
 .rodata.__func__.4896
                0x00000000100077fc       0x1a CMakeFiles/picosyn.dir/home/whowhat/pico/pico-sdk/src/rp2_common/hardware_irq/irq.c.obj
 *fill*         0x0000000010007816        0x2 
 .rodata.str1.4
                0x0000000010007818       0xf1 CMakeFiles/picosyn.dir/home/whowhat/pico/pico-sdk/src/common/pico_sync/mutex.c.obj
 *fill*         0x0000000010007909        0x3 
 .rodata.__func__.4193
                0x000000001000790c       0x15 CMakeFiles/picosyn.dir/home/whowhat/pico/pico-sdk/src/common/pico_sync/mutex.c.obj
 *fill*         0x0000000010007921        0x3 
 .rodata.__func__.4724
                0x0000000010007924       0x18 CMakeFiles/picosyn.dir/home/whowhat/pico/pico-sdk/src/common/pico_sync/mutex.c.obj
 .rodata.__func__.4743
                0x000000001000793c        0xb CMakeFiles/picosyn.dir/home/whowhat/pico/pico-sdk/src/common/pico_sync/mutex.c.obj
 *fill*         0x0000000010007947        0x1 
 .rodata.repeating_timer_callback.str1.4
                0x0000000010007948       0x4c CMakeFiles/picosyn.dir/home/whowhat/pico/pico-sdk/src/common/pico_time/time.c.obj
 .rodata.timer_pool_entry_comparator.str1.4
                0x0000000010007994       0x22 CMakeFiles/picosyn.dir/home/whowhat/pico/pico-sdk/src/common/pico_time/time.c.obj
 *fill*         0x00000000100079b6        0x2 
 .rodata.ph_add_child_node.str1.4
                0x00000000100079b8       0x96 CMakeFiles/picosyn.dir/home/whowhat/pico/pico-sdk/src/common/pico_time/time.c.obj
 *fill*         0x0000000010007a4e        0x2 
 .rodata.add_alarm_under_lock.str1.4
                0x0000000010007a50       0x28 CMakeFiles/picosyn.dir/home/whowhat/pico/pico-sdk/src/common/pico_time/time.c.obj
                                         0x2b (size before relaxing)
 .rodata.alarm_pool_alarm_callback.str1.4
                0x0000000010007a78       0x98 CMakeFiles/picosyn.dir/home/whowhat/pico/pico-sdk/src/common/pico_time/time.c.obj
                                         0xfc (size before relaxing)
 .rodata.alarm_pool_get_default.str1.4
                0x0000000010007b10       0x21 CMakeFiles/picosyn.dir/home/whowhat/pico/pico-sdk/src/common/pico_time/time.c.obj
 *fill*         0x0000000010007b31        0x3 
 .rodata.alarm_pool_cancel_alarm.str1.4
                0x0000000010007b34       0x27 CMakeFiles/picosyn.dir/home/whowhat/pico/pico-sdk/src/common/pico_time/time.c.obj
 *fill*         0x0000000010007b5b        0x1 
 .rodata.__func__.5701
                0x0000000010007b5c       0x15 CMakeFiles/picosyn.dir/home/whowhat/pico/pico-sdk/src/common/pico_time/time.c.obj
 *fill*         0x0000000010007b71        0x3 
 .rodata.__func__.6045
                0x0000000010007b74        0xc CMakeFiles/picosyn.dir/home/whowhat/pico/pico-sdk/src/common/pico_time/time.c.obj
 .rodata.__func__.6052
                0x0000000010007b80       0x12 CMakeFiles/picosyn.dir/home/whowhat/pico/pico-sdk/src/common/pico_time/time.c.obj
 *fill*         0x0000000010007b92        0x2 
 .rodata.__func__.6068
                0x0000000010007b94        0xf CMakeFiles/picosyn.dir/home/whowhat/pico/pico-sdk/src/common/pico_time/time.c.obj
 *fill*         0x0000000010007ba3        0x1 
 .rodata.__func__.6090
                0x0000000010007ba4        0xd CMakeFiles/picosyn.dir/home/whowhat/pico/pico-sdk/src/common/pico_time/time.c.obj
 *fill*         0x0000000010007bb1        0x3 
 .rodata.__func__.6319
                0x0000000010007bb4        0xa CMakeFiles/picosyn.dir/home/whowhat/pico/pico-sdk/src/common/pico_time/time.c.obj
 *fill*         0x0000000010007bbe        0x2 
 .rodata.__func__.6324
                0x0000000010007bc0       0x12 CMakeFiles/picosyn.dir/home/whowhat/pico/pico-sdk/src/common/pico_time/time.c.obj
 *fill*         0x0000000010007bd2        0x2 
 .rodata.__func__.6339
                0x0000000010007bd4       0x17 CMakeFiles/picosyn.dir/home/whowhat/pico/pico-sdk/src/common/pico_time/time.c.obj
 *fill*         0x0000000010007beb        0x1 
 .rodata.__func__.6350
                0x0000000010007bec       0x15 CMakeFiles/picosyn.dir/home/whowhat/pico/pico-sdk/src/common/pico_time/time.c.obj
 *fill*         0x0000000010007c01        0x3 
 .rodata.__func__.6367
                0x0000000010007c04       0x1a CMakeFiles/picosyn.dir/home/whowhat/pico/pico-sdk/src/common/pico_time/time.c.obj
 *fill*         0x0000000010007c1e        0x2 
 .rodata.__func__.6420
                0x0000000010007c20       0x18 CMakeFiles/picosyn.dir/home/whowhat/pico/pico-sdk/src/common/pico_time/time.c.obj
 .rodata.hardware_alarm_claim.str1.4
                0x0000000010007c38       0x22 CMakeFiles/picosyn.dir/home/whowhat/pico/pico-sdk/src/rp2_common/hardware_timer/timer.c.obj
 .rodata.busy_wait_us.str1.4
                0x0000000010007c5a       0x62 CMakeFiles/picosyn.dir/home/whowhat/pico/pico-sdk/src/rp2_common/hardware_timer/timer.c.obj
 *fill*         0x0000000010007c5a        0x2 
 .rodata.hardware_alarm_set_target.str1.4
                0x0000000010007c5c       0x66 CMakeFiles/picosyn.dir/home/whowhat/pico/pico-sdk/src/rp2_common/hardware_timer/timer.c.obj
 *fill*         0x0000000010007cc2        0x2 
 .rodata.__func__.4193
                0x0000000010007cc4       0x15 CMakeFiles/picosyn.dir/home/whowhat/pico/pico-sdk/src/rp2_common/hardware_timer/timer.c.obj
 *fill*         0x0000000010007cd9        0x3 
 .rodata.__func__.4590
                0x0000000010007cdc       0x1a CMakeFiles/picosyn.dir/home/whowhat/pico/pico-sdk/src/rp2_common/hardware_timer/timer.c.obj
 .rodata.ph_add_child_node.str1.4
                0x0000000010007cf6       0x96 CMakeFiles/picosyn.dir/home/whowhat/pico/pico-sdk/src/common/pico_util/pheap.c.obj
 *fill*         0x0000000010007cf6        0x2 
 .rodata.ph_remove_any_head.str1.4
                0x0000000010007cf8       0x90 CMakeFiles/picosyn.dir/home/whowhat/pico/pico-sdk/src/common/pico_util/pheap.c.obj
                                         0xa4 (size before relaxing)
 .rodata.ph_remove_and_free_node.str1.4
                0x0000000010007d88       0x1e CMakeFiles/picosyn.dir/home/whowhat/pico/pico-sdk/src/common/pico_util/pheap.c.obj
                                         0x26 (size before relaxing)
 *fill*         0x0000000010007da6        0x2 
 .rodata.__func__.5726
                0x0000000010007da8        0xc CMakeFiles/picosyn.dir/home/whowhat/pico/pico-sdk/src/common/pico_util/pheap.c.obj
 .rodata.__func__.5733
                0x0000000010007db4       0x12 CMakeFiles/picosyn.dir/home/whowhat/pico/pico-sdk/src/common/pico_util/pheap.c.obj
 *fill*         0x0000000010007dc6        0x2 
 .rodata.__func__.5819
                0x0000000010007dc8       0x13 CMakeFiles/picosyn.dir/home/whowhat/pico/pico-sdk/src/common/pico_util/pheap.c.obj
 *fill*         0x0000000010007ddb        0x1 
 .rodata.__func__.5837
                0x0000000010007ddc       0x18 CMakeFiles/picosyn.dir/home/whowhat/pico/pico-sdk/src/common/pico_util/pheap.c.obj
 .rodata.clock_configure.str1.4
                0x0000000010007df4       0x58 CMakeFiles/picosyn.dir/home/whowhat/pico/pico-sdk/src/rp2_common/hardware_clocks/clocks.c.obj
 .rodata.__func__.4776
                0x0000000010007e4c       0x10 CMakeFiles/picosyn.dir/home/whowhat/pico/pico-sdk/src/rp2_common/hardware_clocks/clocks.c.obj
 .rodata.pll_init.str1.4
                0x0000000010007e5c      0x124 CMakeFiles/picosyn.dir/home/whowhat/pico/pico-sdk/src/rp2_common/hardware_pll/pll.c.obj
 .rodata.__func__.4433
                0x0000000010007f80        0x9 CMakeFiles/picosyn.dir/home/whowhat/pico/pico-sdk/src/rp2_common/hardware_pll/pll.c.obj
 *fill*         0x0000000010007f89        0x3 
 .rodata.__assert_func.str1.4
                0x0000000010007f8c       0x3f CMakeFiles/picosyn.dir/home/whowhat/pico/pico-sdk/src/rp2_common/pico_runtime/runtime.c.obj
                                         0x43 (size before relaxing)
 *fill*         0x0000000010007fcb        0x1 
 .rodata.runtime_init.str1.4
                0x0000000010007fcc       0x62 CMakeFiles/picosyn.dir/home/whowhat/pico/pico-sdk/src/rp2_common/pico_runtime/runtime.c.obj
 *fill*         0x000000001000802e        0x2 
 .rodata.panic.str1.4
                0x0000000010008030       0x12 CMakeFiles/picosyn.dir/home/whowhat/pico/pico-sdk/src/rp2_common/pico_runtime/runtime.c.obj
 *fill*         0x0000000010008042        0x2 
 .rodata.__func__.6387
                0x0000000010008044        0xd CMakeFiles/picosyn.dir/home/whowhat/pico/pico-sdk/src/rp2_common/pico_runtime/runtime.c.obj
 *fill*         0x0000000010008051        0x3 
 .rodata._ftoa.str1.4
                0x0000000010008054       0x15 CMakeFiles/picosyn.dir/home/whowhat/pico/pico-sdk/src/rp2_common/pico_printf/printf.c.obj
 *fill*         0x0000000010008069        0x3 
 .rodata._vsnprintf
                0x000000001000806c      0x1e0 CMakeFiles/picosyn.dir/home/whowhat/pico/pico-sdk/src/rp2_common/pico_printf/printf.c.obj
 *fill*         0x000000001000824c        0x4 
 .rodata.pow10.5431
                0x0000000010008250       0x50 CMakeFiles/picosyn.dir/home/whowhat/pico/pico-sdk/src/rp2_common/pico_printf/printf.c.obj
 .rodata.__aeabi_double_init.str1.4
                0x00000000100082a0       0x9d CMakeFiles/picosyn.dir/home/whowhat/pico/pico-sdk/src/rp2_common/pico_double/double_init_rom.c.obj
 *fill*         0x000000001000833d        0x3 
 .rodata.__func__.4737
                0x0000000010008340       0x14 CMakeFiles/picosyn.dir/home/whowhat/pico/pico-sdk/src/rp2_common/pico_double/double_init_rom.c.obj
 .rodata.__aeabi_float_init.str1.4
                0x0000000010008354       0x7b CMakeFiles/picosyn.dir/home/whowhat/pico/pico-sdk/src/rp2_common/pico_float/float_init_rom.c.obj
                                         0x7f (size before relaxing)
 *fill*         0x00000000100083cf        0x1 
 .rodata.__func__.4738
                0x00000000100083d0       0x13 CMakeFiles/picosyn.dir/home/whowhat/pico/pico-sdk/src/rp2_common/pico_float/float_init_rom.c.obj
 *fill*         0x00000000100083e3        0x1 
 .rodata.str1.4
                0x00000000100083e4       0x40 CMakeFiles/picosyn.dir/home/whowhat/pico/pico-sdk/src/rp2_common/pico_standard_link/binary_info.c.obj
 .rodata.__bi_44
                0x0000000010008424        0xc CMakeFiles/picosyn.dir/home/whowhat/pico/pico-sdk/src/rp2_common/pico_standard_link/binary_info.c.obj
 .rodata.__bi_56
                0x0000000010008430        0xc CMakeFiles/picosyn.dir/home/whowhat/pico/pico-sdk/src/rp2_common/pico_standard_link/binary_info.c.obj
 .rodata.__bi_75
                0x000000001000843c        0xc CMakeFiles/picosyn.dir/home/whowhat/pico/pico-sdk/src/rp2_common/pico_standard_link/binary_info.c.obj
 .rodata.__bi_81
                0x0000000010008448        0xc CMakeFiles/picosyn.dir/home/whowhat/pico/pico-sdk/src/rp2_common/pico_standard_link/binary_info.c.obj
 .rodata.stdout_serialize_begin.str1.4
                0x0000000010008454       0x62 CMakeFiles/picosyn.dir/home/whowhat/pico/pico-sdk/src/rp2_common/pico_stdio/stdio.c.obj
 .rodata.__func__.5563
                0x0000000010008454       0x15 CMakeFiles/picosyn.dir/home/whowhat/pico/pico-sdk/src/rp2_common/pico_stdio/stdio.c.obj
 *fill*         0x0000000010008469        0x3 
 .rodata.crlf_str.6235
                0x000000001000846c        0x2 CMakeFiles/picosyn.dir/home/whowhat/pico/pico-sdk/src/rp2_common/pico_stdio/stdio.c.obj
 *fill*         0x000000001000846e        0x2 
 .rodata.str1.4
                0x0000000010008470       0x2c CMakeFiles/picosyn.dir/home/whowhat/pico/pico-sdk/src/rp2_common/pico_stdio_uart/stdio_uart.c.obj
 .rodata.__bi_33.4879
                0x000000001000849c        0xc CMakeFiles/picosyn.dir/home/whowhat/pico/pico-sdk/src/rp2_common/pico_stdio_uart/stdio_uart.c.obj
 .rodata.__bi_34.4883
                0x00000000100084a8        0x8 CMakeFiles/picosyn.dir/home/whowhat/pico/pico-sdk/src/rp2_common/pico_stdio_uart/stdio_uart.c.obj
 .rodata._resetd_driver
                0x00000000100084b0       0x18 CMakeFiles/picosyn.dir/home/whowhat/pico/pico-sdk/src/rp2_common/pico_stdio_usb/reset_interface.c.obj
 .rodata.low_priority_worker_irq.str1.4
                0x00000000100084c8       0x62 CMakeFiles/picosyn.dir/home/whowhat/pico/pico-sdk/src/rp2_common/pico_stdio_usb/stdio_usb.c.obj
 .rodata.stdio_usb_init.str1.4
                0x00000000100084c8       0x46 CMakeFiles/picosyn.dir/home/whowhat/pico/pico-sdk/src/rp2_common/pico_stdio_usb/stdio_usb.c.obj
                                         0x4e (size before relaxing)
 *fill*         0x000000001000850e        0x2 
 .rodata.str1.4
                0x0000000010008510       0x13 CMakeFiles/picosyn.dir/home/whowhat/pico/pico-sdk/src/rp2_common/pico_stdio_usb/stdio_usb.c.obj
 *fill*         0x0000000010008523        0x1 
 .rodata.__bi_182.7662
                0x0000000010008524        0xc CMakeFiles/picosyn.dir/home/whowhat/pico/pico-sdk/src/rp2_common/pico_stdio_usb/stdio_usb.c.obj
 .rodata.__func__.5424
                0x0000000010008530       0x15 CMakeFiles/picosyn.dir/home/whowhat/pico/pico-sdk/src/rp2_common/pico_stdio_usb/stdio_usb.c.obj
 *fill*         0x0000000010008545        0x3 
 .rodata.__func__.7660
                0x0000000010008548        0xf CMakeFiles/picosyn.dir/home/whowhat/pico/pico-sdk/src/rp2_common/pico_stdio_usb/stdio_usb.c.obj
 *fill*         0x0000000010008557        0x1 
 .rodata.str1.4
                0x0000000010008558       0x2a CMakeFiles/picosyn.dir/home/whowhat/pico/pico-sdk/src/rp2_common/pico_stdio_usb/stdio_usb_descriptors.c.obj
 *fill*         0x0000000010008582        0x2 
 .rodata.usbd_desc_cfg
                0x0000000010008584       0x54 CMakeFiles/picosyn.dir/home/whowhat/pico/pico-sdk/src/rp2_common/pico_stdio_usb/stdio_usb_descriptors.c.obj
 .rodata.usbd_desc_device
                0x00000000100085d8       0x12 CMakeFiles/picosyn.dir/home/whowhat/pico/pico-sdk/src/rp2_common/pico_stdio_usb/stdio_usb_descriptors.c.obj
 *fill*         0x00000000100085ea        0x2 
 .rodata.usbd_desc_str
                0x00000000100085ec       0x18 CMakeFiles/picosyn.dir/home/whowhat/pico/pico-sdk/src/rp2_common/pico_stdio_usb/stdio_usb_descriptors.c.obj
 .rodata.pico_get_unique_board_id_string.str1.4
                0x0000000010008604       0x4e CMakeFiles/picosyn.dir/home/whowhat/pico/pico-sdk/src/rp2_common/pico_unique_id/unique_id.c.obj
 *fill*         0x0000000010008652        0x2 
 .rodata.__func__.4305
                0x0000000010008654       0x20 CMakeFiles/picosyn.dir/home/whowhat/pico/pico-sdk/src/rp2_common/pico_unique_id/unique_id.c.obj
 .rodata.str1.4
                0x0000000010008674      0x15a CMakeFiles/picosyn.dir/home/whowhat/pico/pico-sdk/src/rp2_common/hardware_flash/flash.c.obj
 *fill*         0x00000000100087ce        0x2 
 .rodata.__func__.4479
                0x00000000100087d0        0xd CMakeFiles/picosyn.dir/home/whowhat/pico/pico-sdk/src/rp2_common/hardware_flash/flash.c.obj
 *fill*         0x00000000100087dd        0x3 
 .rodata._hw_endpoint_alloc.str1.4
                0x00000000100087e0       0xb9 CMakeFiles/picosyn.dir/home/whowhat/pico/pico-sdk/lib/tinyusb/src/portable/raspberrypi/rp2040/dcd_rp2040.c.obj
 *fill*         0x0000000010008899        0x3 
 .rodata.str1.4
                0x000000001000889c       0x14 CMakeFiles/picosyn.dir/home/whowhat/pico/pico-sdk/lib/tinyusb/src/portable/raspberrypi/rp2040/dcd_rp2040.c.obj
 .rodata.dcd_int_enable.str1.4
                0x00000000100088b0        0xc CMakeFiles/picosyn.dir/home/whowhat/pico/pico-sdk/lib/tinyusb/src/portable/raspberrypi/rp2040/dcd_rp2040.c.obj
 .rodata.__func__.6897
                0x00000000100088bc       0x13 CMakeFiles/picosyn.dir/home/whowhat/pico/pico-sdk/lib/tinyusb/src/portable/raspberrypi/rp2040/dcd_rp2040.c.obj
 *fill*         0x00000000100088cf        0x1 
 .rodata.__func__.6968
                0x00000000100088d0        0x9 CMakeFiles/picosyn.dir/home/whowhat/pico/pico-sdk/lib/tinyusb/src/portable/raspberrypi/rp2040/dcd_rp2040.c.obj
 *fill*         0x00000000100088d9        0x3 
 .rodata.__func__.6972
                0x00000000100088dc        0xf CMakeFiles/picosyn.dir/home/whowhat/pico/pico-sdk/lib/tinyusb/src/portable/raspberrypi/rp2040/dcd_rp2040.c.obj
 *fill*         0x00000000100088eb        0x1 
 .rodata.__func__.6981
                0x00000000100088ec       0x10 CMakeFiles/picosyn.dir/home/whowhat/pico/pico-sdk/lib/tinyusb/src/portable/raspberrypi/rp2040/dcd_rp2040.c.obj
 .rodata.__func__.7004
                0x00000000100088fc        0xe CMakeFiles/picosyn.dir/home/whowhat/pico/pico-sdk/lib/tinyusb/src/portable/raspberrypi/rp2040/dcd_rp2040.c.obj
 *fill*         0x000000001000890a        0x2 
 .rodata.__func__.7014
                0x000000001000890c        0xe CMakeFiles/picosyn.dir/home/whowhat/pico/pico-sdk/lib/tinyusb/src/portable/raspberrypi/rp2040/dcd_rp2040.c.obj
 *fill*         0x000000001000891a        0x2 
 .rodata.str1.4
                0x000000001000891c       0xe1 CMakeFiles/picosyn.dir/home/whowhat/pico/pico-sdk/lib/tinyusb/src/portable/raspberrypi/rp2040/rp2040_usb.c.obj
                                         0xeb (size before relaxing)
 *fill*         0x00000000100089fd        0x3 
 .rodata.__func__.6723
                0x0000000010008a00        0xf CMakeFiles/picosyn.dir/home/whowhat/pico/pico-sdk/lib/tinyusb/src/portable/raspberrypi/rp2040/rp2040_usb.c.obj
 *fill*         0x0000000010008a0f        0x1 
 .rodata.process_get_descriptor
                0x0000000010008a10       0x40 CMakeFiles/picosyn.dir/home/whowhat/pico/pico-sdk/lib/tinyusb/src/device/usbd.c.obj
 .rodata.process_control_request
                0x0000000010008a50       0x28 CMakeFiles/picosyn.dir/home/whowhat/pico/pico-sdk/lib/tinyusb/src/device/usbd.c.obj
 .rodata.tud_task_ext
                0x0000000010008a78       0x24 CMakeFiles/picosyn.dir/home/whowhat/pico/pico-sdk/lib/tinyusb/src/device/usbd.c.obj
 .rodata._usbd_driver
                0x0000000010008a9c       0x18 CMakeFiles/picosyn.dir/home/whowhat/pico/pico-sdk/lib/tinyusb/src/device/usbd.c.obj
                0x0000000010008ab4                . = ALIGN (0x4)
 *(SORT_BY_ALIGNMENT(SORT_BY_NAME(.flashdata*)))
                0x0000000010008ab4                . = ALIGN (0x4)

.ARM.extab
 *(.ARM.extab* .gnu.linkonce.armextab.*)
                0x0000000010008ab4                __exidx_start = .

.ARM.exidx
 *(.ARM.exidx* .gnu.linkonce.armexidx.*)
                0x0000000010008ab4                __exidx_end = .
                0x0000000010008ab4                . = ALIGN (0x4)
                0x0000000010008ab4                __binary_info_start = .

.binary_info    0x0000000010008ab4       0x2c
 *(.binary_info.keep.*)
 .binary_info.keep.__bi_ptr22
                0x0000000010008ab4        0x4 CMakeFiles/picosyn.dir/home/whowhat/pico/pico-sdk/src/rp2_common/pico_standard_link/binary_info.c.obj
 .binary_info.keep.__bi_ptr30
                0x0000000010008ab8        0x4 CMakeFiles/picosyn.dir/home/whowhat/pico/pico-sdk/src/rp2_common/pico_standard_link/binary_info.c.obj
 .binary_info.keep.__bi_ptr38
                0x0000000010008abc        0x4 CMakeFiles/picosyn.dir/home/whowhat/pico/pico-sdk/src/rp2_common/pico_standard_link/binary_info.c.obj
 .binary_info.keep.__bi_ptr44
                0x0000000010008ac0        0x4 CMakeFiles/picosyn.dir/home/whowhat/pico/pico-sdk/src/rp2_common/pico_standard_link/binary_info.c.obj
 .binary_info.keep.__bi_ptr50
                0x0000000010008ac4        0x4 CMakeFiles/picosyn.dir/home/whowhat/pico/pico-sdk/src/rp2_common/pico_standard_link/binary_info.c.obj
 .binary_info.keep.__bi_ptr56
                0x0000000010008ac8        0x4 CMakeFiles/picosyn.dir/home/whowhat/pico/pico-sdk/src/rp2_common/pico_standard_link/binary_info.c.obj
 .binary_info.keep.__bi_ptr75
                0x0000000010008acc        0x4 CMakeFiles/picosyn.dir/home/whowhat/pico/pico-sdk/src/rp2_common/pico_standard_link/binary_info.c.obj
 .binary_info.keep.__bi_ptr81
                0x0000000010008ad0        0x4 CMakeFiles/picosyn.dir/home/whowhat/pico/pico-sdk/src/rp2_common/pico_standard_link/binary_info.c.obj
 *(.binary_info.*)
 .binary_info.__bi_ptr33
                0x0000000010008ad4        0x4 CMakeFiles/picosyn.dir/home/whowhat/pico/pico-sdk/src/rp2_common/pico_stdio_uart/stdio_uart.c.obj
 .binary_info.__bi_ptr34
                0x0000000010008ad8        0x4 CMakeFiles/picosyn.dir/home/whowhat/pico/pico-sdk/src/rp2_common/pico_stdio_uart/stdio_uart.c.obj
 .binary_info.__bi_ptr182
                0x0000000010008adc        0x4 CMakeFiles/picosyn.dir/home/whowhat/pico/pico-sdk/src/rp2_common/pico_stdio_usb/stdio_usb.c.obj
                0x0000000010008ae0                __binary_info_end = .

.rel.dyn        0x0000000010008ae0        0x0
 .rel.iplt      0x0000000010008ae0        0x0 /usr/lib/gcc/arm-none-eabi/9.2.1/thumb/v6-m/nofp/crtbegin.o
                0x0000000010008ae0                . = ALIGN (0x4)

.ram_vector_table
                0x0000000020000000       0xc0
 *(.ram_vector_table)
 .ram_vector_table
                0x0000000020000000       0xc0 CMakeFiles/picosyn.dir/home/whowhat/pico/pico-sdk/src/rp2_common/pico_runtime/runtime.c.obj
                0x0000000020000000                ram_vector_table

.data           0x00000000200000c0      0xc08 load address 0x0000000010008ae0
                0x00000000200000c0                __data_start__ = .
 *(vtable)
 *(.time_critical*)
 .time_critical.mutex_try_enter
                0x00000000200000c0       0x48 CMakeFiles/picosyn.dir/home/whowhat/pico/pico-sdk/src/common/pico_sync/mutex.c.obj
                0x00000000200000c0                mutex_try_enter
 .time_critical.mutex_enter_block_until
                0x0000000020000108       0x88 CMakeFiles/picosyn.dir/home/whowhat/pico/pico-sdk/src/common/pico_sync/mutex.c.obj
                0x0000000020000108                mutex_enter_block_until
 .time_critical.mutex_try_enter_block_until
                0x0000000020000190       0x34 CMakeFiles/picosyn.dir/home/whowhat/pico/pico-sdk/src/common/pico_sync/mutex.c.obj
                0x0000000020000190                mutex_try_enter_block_until
 .time_critical.mutex_enter_timeout_ms
                0x00000000200001c4       0x68 CMakeFiles/picosyn.dir/home/whowhat/pico/pico-sdk/src/common/pico_sync/mutex.c.obj
                0x00000000200001c4                mutex_enter_timeout_ms
 .time_critical.mutex_exit
                0x000000002000022c       0x4c CMakeFiles/picosyn.dir/home/whowhat/pico/pico-sdk/src/common/pico_sync/mutex.c.obj
                0x000000002000022c                mutex_exit
 .time_critical.flash_init_boot2_copyout
                0x0000000020000278       0x30 CMakeFiles/picosyn.dir/home/whowhat/pico/pico-sdk/src/rp2_common/hardware_flash/flash.c.obj
 .time_critical.flash_enable_xip_via_boot2
                0x00000000200002a8       0x10 CMakeFiles/picosyn.dir/home/whowhat/pico/pico-sdk/src/rp2_common/hardware_flash/flash.c.obj
 .time_critical.flash_cs_force
                0x00000000200002b8       0x28 CMakeFiles/picosyn.dir/home/whowhat/pico/pico-sdk/src/rp2_common/hardware_flash/flash.c.obj
 .time_critical.flash_do_cmd
                0x00000000200002e0       0xd8 CMakeFiles/picosyn.dir/home/whowhat/pico/pico-sdk/src/rp2_common/hardware_flash/flash.c.obj
                0x00000000200002e0                flash_do_cmd
 .time_critical.reset_non_control_endpoints
                0x00000000200003b8       0x40 CMakeFiles/picosyn.dir/home/whowhat/pico/pico-sdk/lib/tinyusb/src/portable/raspberrypi/rp2040/dcd_rp2040.c.obj
 .time_critical.hw_handle_buff_status
                0x00000000200003f8       0xb4 CMakeFiles/picosyn.dir/home/whowhat/pico/pico-sdk/lib/tinyusb/src/portable/raspberrypi/rp2040/dcd_rp2040.c.obj
 .time_critical.dcd_rp2040_irq
                0x00000000200004ac      0x1dc CMakeFiles/picosyn.dir/home/whowhat/pico/pico-sdk/lib/tinyusb/src/portable/raspberrypi/rp2040/dcd_rp2040.c.obj
 .time_critical.e15_is_bulkin_ep
                0x0000000020000688       0x2c CMakeFiles/picosyn.dir/home/whowhat/pico/pico-sdk/lib/tinyusb/src/portable/raspberrypi/rp2040/rp2040_usb.c.obj
 .time_critical.e15_is_critical_frame_period
                0x00000000200006b4       0x30 CMakeFiles/picosyn.dir/home/whowhat/pico/pico-sdk/lib/tinyusb/src/portable/raspberrypi/rp2040/rp2040_usb.c.obj
 .time_critical.prepare_ep_buffer
                0x00000000200006e4       0x70 CMakeFiles/picosyn.dir/home/whowhat/pico/pico-sdk/lib/tinyusb/src/portable/raspberrypi/rp2040/rp2040_usb.c.obj
 .time_critical.sync_ep_buffer
                0x0000000020000754       0x80 CMakeFiles/picosyn.dir/home/whowhat/pico/pico-sdk/lib/tinyusb/src/portable/raspberrypi/rp2040/rp2040_usb.c.obj
 .time_critical._hw_endpoint_xfer_sync
                0x00000000200007d4       0x28 CMakeFiles/picosyn.dir/home/whowhat/pico/pico-sdk/lib/tinyusb/src/portable/raspberrypi/rp2040/rp2040_usb.c.obj
 .time_critical.hw_endpoint_reset_transfer
                0x00000000200007fc        0xc CMakeFiles/picosyn.dir/home/whowhat/pico/pico-sdk/lib/tinyusb/src/portable/raspberrypi/rp2040/rp2040_usb.c.obj
                0x00000000200007fc                hw_endpoint_reset_transfer
 .time_critical._hw_endpoint_buffer_control_update32
                0x0000000020000808       0x58 CMakeFiles/picosyn.dir/home/whowhat/pico/pico-sdk/lib/tinyusb/src/portable/raspberrypi/rp2040/rp2040_usb.c.obj
                0x0000000020000808                _hw_endpoint_buffer_control_update32
 .time_critical.hw_endpoint_start_next_buffer
                0x0000000020000860       0x88 CMakeFiles/picosyn.dir/home/whowhat/pico/pico-sdk/lib/tinyusb/src/portable/raspberrypi/rp2040/rp2040_usb.c.obj
                0x0000000020000860                hw_endpoint_start_next_buffer
 .time_critical.hw_endpoint_xfer_continue
                0x00000000200008e8       0x50 CMakeFiles/picosyn.dir/home/whowhat/pico/pico-sdk/lib/tinyusb/src/portable/raspberrypi/rp2040/rp2040_usb.c.obj
                0x00000000200008e8                hw_endpoint_xfer_continue
 .time_critical.tinyusb
                0x0000000020000938      0x1ec CMakeFiles/picosyn.dir/home/whowhat/pico/pico-sdk/lib/tinyusb/src/device/usbd.c.obj
                0x0000000020000938                dcd_event_handler
 *(.text*)
 .text          0x0000000020000b24        0x4 /usr/lib/gcc/arm-none-eabi/9.2.1/thumb/v6-m/nofp/libgcc.a(_dvmd_tls.o)
                0x0000000020000b24                __aeabi_ldiv0
                0x0000000020000b24                __aeabi_idiv0
 .text.__stub   0x0000000020000b28       0x90 linker stubs
                0x0000000020000bb8                . = ALIGN (0x4)
 *(.rodata*)
                0x0000000020000bb8                . = ALIGN (0x4)
 *(.data*)
 .data.gain     0x0000000020000bb8        0x4 CMakeFiles/picosyn.dir/src/picosyn.c.obj
                0x0000000020000bb8                gain
 .data.striped_spin_lock_num
                0x0000000020000bbc        0x1 CMakeFiles/picosyn.dir/home/whowhat/pico/pico-sdk/src/rp2_common/hardware_sync/sync.c.obj
 *fill*         0x0000000020000bbd        0x3 
 .data          0x0000000020000bc0       0x48 CMakeFiles/picosyn.dir/home/whowhat/pico/pico-sdk/src/rp2_common/hardware_irq/irq_handler_chain.S.obj
                0x0000000020000bc0                irq_handler_chain_slots
                0x0000000020000bf0                irq_handler_chain_first_slot
                0x0000000020000bfa                irq_handler_chain_remove_tail
 .data.default_alarm_pool
                0x0000000020000c08       0x18 CMakeFiles/picosyn.dir/home/whowhat/pico/pico-sdk/src/common/pico_time/time.c.obj
 .data.default_alarm_pool_heap
                0x0000000020000c20       0x10 CMakeFiles/picosyn.dir/home/whowhat/pico/pico-sdk/src/common/pico_time/time.c.obj
 .data.aeabi_bits_funcs